<html>
<body>
<pre>
<h1>礦ision Build Log</h1>
<h2>Tool Versions:</h2>
IDE-Version: μVision V5.21.0.0
Copyright (C) 2016 ARM Ltd and ARM Germany GmbH. All rights reserved.
License Information: 1 Microsoft, Microsoft, LIC=LJWFW-Q4FFL-ILTCB-28PJZ-MB3KT-HZE3K
 
Tool Versions:
Toolchain:       MDK-ARM Professional  Version: 5.21
Toolchain Path:  D:\Keil\ARM\ARMCC\Bin
C Compiler:      Armcc.exe V5.06 update 3 (build 300)
Assembler:       Armasm.exe V5.06 update 3 (build 300)
Linker/Locator:  ArmLink.exe V5.06 update 3 (build 300)
Library Manager: ArmAr.exe V5.06 update 3 (build 300)
Hex Converter:   FromElf.exe V5.06 update 3 (build 300)
CPU DLL:         SARMCM3.DLL V5.21
Dialog DLL:      DARMSTM.DLL V1.66.0.1
Target DLL:      Segger\JL2CM3.dll V2.99.23.0
Dialog DLL:      TARMSTM.DLL V1.65.0.0
 
<h2>Project:</h2>
C:\Users\Doraemon\Desktop\打印小票 - 副本\USER\USART.uvprojx
Project File Date:  07/05/2017

<h2>Output:</h2>
*** Using Compiler 'V5.06 update 3 (build 300)', folder: 'D:\Keil\ARM\ARMCC\Bin'
Build target 'USART'
compiling main.c...
linking...
Program Size: Code=29038 RO-data=20818 RW-data=56 ZI-data=11648  
FromELF: creating hex file...
"..\OBJ\USART.axf" - 0 Error(s), 0 Warning(s).

<h2>Software Packages used:</h2>

Package Vendor: Keil
                http://www.keil.com/pack/Keil.STM32F1xx_DFP.2.1.0.pack
                Keil::Device:StdPeriph Drivers:FSMC:3.5.0
                STMicroelectronics STM32F1 Series Device Support, Drivers and Examples
   * Component: FSMC Version: 3.5.0

<h2>Collection of Component include folders:</h2>
  C:\Users\Doraemon\Desktop\打印小票 - 副本\USER\RTE
  D:\Keil\ARM\PACK\Keil\STM32F1xx_DFP\2.1.0\Device\Include
  D:\Keil\ARM\PACK\Keil\STM32F1xx_DFP\2.1.0\Device\StdPeriph_Driver\inc

<h2>Collection of Component Files used:</h2>

   * Component: Keil::Device:StdPeriph Drivers:FSMC:3.5.0
      Include file:  Device\StdPeriph_Driver\inc\stm32f10x_fsmc.h
      Source file:   Device\StdPeriph_Driver\src\stm32f10x_fsmc.c
Build Time Elapsed:  00:00:01
</pre>
</body>
</html>
