<html>
<body>
<pre>
<h1>礦ision Build Log</h1>
<h2>Tool Versions:</h2>
IDE-Version: μVision V5.21.0.0
Copyright (C) 2016 ARM Ltd and ARM Germany GmbH. All rights reserved.
License Information: wh199 wh199, wh199, LIC=HF801-C12TL-C1GPU-SIFV4-6NJ0X-5EAUX
 
Tool Versions:
Toolchain:       MDK-ARM Professional  Version: 5.21
Toolchain Path:  E:\Keil_v5\ARM\ARMCC\Bin
C Compiler:      Armcc.exe V5.06 update 3 (build 300)
Assembler:       Armasm.exe V5.06 update 3 (build 300)
Linker/Locator:  ArmLink.exe V5.06 update 3 (build 300)
Library Manager: ArmAr.exe V5.06 update 3 (build 300)
Hex Converter:   FromElf.exe V5.06 update 3 (build 300)
CPU DLL:         SARMCM3.DLL V5.21
Dialog DLL:      DARMSTM.DLL V1.66.0.1
Target DLL:      Segger\JL2CM3.dll V2.99.23.0
Dialog DLL:      TARMSTM.DLL V1.65.0.0
 
<h2>Project:</h2>
F:\Workbook\工作备份\2017移动互联网\第四届喜羊羊组--超市快捷收银系统1\应用包\硬件连接\嵌入式热敏打印机WIFI串口发送打印内容\嵌入式热敏打印机串口发送程序\USER\嵌入式热敏打印机串口发送.uvprojx
Project File Date:  09/28/2017

<h2>Output:</h2>
*** Using Compiler 'V5.06 update 3 (build 300)', folder: 'E:\Keil_v5\ARM\ARMCC\Bin'
Build target '嵌入式热敏打印机串口发送'
compiling HTTP_Demo.c...
compiling stm32f10x_it.c...
compiling esp8266.c...
compiling Key_GPIO_Init.c...
compiling system_stm32f10x.c...
compiling usart2.c...
compiling main.c...
main.c(68): warning:  #167-D: argument of type "unsigned char *" is incompatible with parameter of type "const char *"
  			length = strlen(usart2_rcv_buf);  
main.c(30): warning:  #550-D: variable "length" was set but never used
  	u16 length;
main.c: 2 warnings, 0 errors
compiling lcd.c...
compiling delay.c...
assembling startup_stm32f10x_hd.s...
compiling usart.c...
compiling misc.c...
compiling core_cm3.c...
compiling sys.c...
compiling stm32f10x_gpio.c...
compiling stm32f10x_rcc.c...
compiling stm32f10x_usart.c...
compiling stm32f10x_fsmc.c...
linking...
Program Size: Code=31050 RO-data=20818 RW-data=68 ZI-data=12676  
FromELF: creating hex file...
"..\OBJ\嵌入式热敏打印机串口发送.axf" - 0 Error(s), 2 Warning(s).

<h2>Software Packages used:</h2>

Package Vendor: Keil
                http://www.keil.com/pack/Keil.STM32F1xx_DFP.2.1.0.pack
                Keil::Device:StdPeriph Drivers:FSMC:3.5.0
                STMicroelectronics STM32F1 Series Device Support, Drivers and Examples
   * Component: FSMC Version: 3.5.0

<h2>Collection of Component include folders:</h2>
  F:\Workbook\工作备份\2017移动互联网\第四届喜羊羊组--超市快捷收银系统1\应用包\硬件连接\嵌入式热敏打印机WIFI串口发送打印内容\嵌入式热敏打印机串口发送程序\USER\RTE
  E:\Keil_v5\ARM\PACK\Keil\STM32F1xx_DFP\2.1.0\Device\Include
  E:\Keil_v5\ARM\PACK\Keil\STM32F1xx_DFP\2.1.0\Device\StdPeriph_Driver\inc

<h2>Collection of Component Files used:</h2>

   * Component: Keil::Device:StdPeriph Drivers:FSMC:3.5.0
      Include file:  Device\StdPeriph_Driver\inc\stm32f10x_fsmc.h
      Source file:   Device\StdPeriph_Driver\src\stm32f10x_fsmc.c
Build Time Elapsed:  00:00:06
</pre>
</body>
</html>
