Component: ARM Compiler 5.06 update 3 (build 300) Tool: armlink [4d35c9]

==============================================================================

Section Cross References

    main.o(.text) refers to delay.o(.text) for delay_init
    main.o(.text) refers to misc.o(.text) for NVIC_PriorityGroupConfig
    main.o(.text) refers to usart.o(.text) for uart1_init
    main.o(.text) refers to usart2.o(.text) for USART2_Config
    main.o(.text) refers to esp8266.o(.text) for ESP8266_Init
    main.o(.text) refers to key_gpio_init.o(.text) for Key_GPIO_Init
    main.o(.text) refers to lcd.o(.text) for LCD_Init
    main.o(.text) refers to http_demo.o(.text) for HTTP_GetPkt
    main.o(.text) refers to strlen.o(.text) for strlen
    main.o(.text) refers to stm32f10x_usart.o(.text) for USART_GetFlagStatus
    main.o(.text) refers to noretval__2printf.o(.text) for __2printf
    main.o(.text) refers to lcd.o(.data) for POINT_COLOR
    main.o(.text) refers to usart2.o(.bss) for usart2_rcv_buf
    main.o(.text) refers to usart2.o(.data) for Flag
    main.o(.text) refers to usart.o(.bss) for USART1_RX_BUF
    main.o(.text) refers to usart.o(.data) for USART1_RX_STA
    system_stm32f10x.o(.text) refers to system_stm32f10x.o(.data) for SystemCoreClock
    lcd.o(.text) refers to delay.o(.text) for delay_us
    lcd.o(.text) refers to lcd.o(.bss) for lcddev
    lcd.o(.text) refers to lcd.o(.data) for POINT_COLOR
    lcd.o(.text) refers to dflt_clz.o(x$fpl$dfltu) for __aeabi_ui2d
    lcd.o(.text) refers to dmul.o(x$fpl$dmul) for __aeabi_dmul
    lcd.o(.text) refers to dfixu.o(x$fpl$dfixu) for __aeabi_d2uiz
    lcd.o(.text) refers to stm32f10x_rcc.o(.text) for RCC_AHBPeriphClockCmd
    lcd.o(.text) refers to stm32f10x_gpio.o(.text) for GPIO_Init
    lcd.o(.text) refers to stm32f10x_fsmc.o(.text) for FSMC_NORSRAMInit
    lcd.o(.text) refers to lcd.o(.constdata) for asc2_1206
    lcd.o(.text) refers to ffixu.o(x$fpl$ffixu) for __aeabi_f2uiz
    lcd.o(.text) refers to fflt_clz.o(x$fpl$ffltu) for __aeabi_ui2f
    lcd.o(.text) refers to faddsub_clz.o(x$fpl$frsb) for __aeabi_frsub
    lcd.o(.text) refers to fmul.o(x$fpl$fmul) for __aeabi_fmul
    key_gpio_init.o(.text) refers to stm32f10x_rcc.o(.text) for RCC_APB2PeriphClockCmd
    key_gpio_init.o(.text) refers to stm32f10x_gpio.o(.text) for GPIO_Init
    key_gpio_init.o(.text) refers to delay.o(.text) for delay_ms
    esp8266.o(.text) refers to usart2.o(.text) for SendCmd
    http_demo.o(.text) refers to _printf_percent.o(.ARM.Collect$$_printf_percent$$00000000) for _printf_percent
    http_demo.o(.text) refers to _printf_s.o(.ARM.Collect$$_printf_percent$$00000014) for _printf_s
    http_demo.o(.text) refers to _printf_str.o(.text) for _printf_str
    http_demo.o(.text) refers to _printf_d.o(.ARM.Collect$$_printf_percent$$00000009) for _printf_d
    http_demo.o(.text) refers to _printf_dec.o(.text) for _printf_int_dec
    http_demo.o(.text) refers to rt_memclr_w.o(.text) for __aeabi_memclr4
    http_demo.o(.text) refers to noretval__2sprintf.o(.text) for __2sprintf
    http_demo.o(.text) refers to strlen.o(.text) for strlen
    http_demo.o(.text) refers to strcat.o(.text) for strcat
    usart2.o(.text) refers to stm32f10x_rcc.o(.text) for RCC_APB1PeriphClockCmd
    usart2.o(.text) refers to stm32f10x_gpio.o(.text) for GPIO_Init
    usart2.o(.text) refers to misc.o(.text) for NVIC_Init
    usart2.o(.text) refers to stm32f10x_usart.o(.text) for USART_Init
    usart2.o(.text) refers to rt_memclr.o(.text) for __aeabi_memclr
    usart2.o(.text) refers to strlen.o(.text) for strlen
    usart2.o(.text) refers to delay.o(.text) for delay_ms
    usart2.o(.text) refers to strstr.o(.text) for strstr
    usart2.o(.text) refers to rt_memcpy_v6.o(.text) for __aeabi_memcpy
    usart2.o(.text) refers to usart2.o(.bss) for usart2_rcv_buf
    usart2.o(.text) refers to usart2.o(.data) for usart2_rcv_len
    delay.o(.text) refers to misc.o(.text) for SysTick_CLKSourceConfig
    delay.o(.text) refers to system_stm32f10x.o(.data) for SystemCoreClock
    delay.o(.text) refers to delay.o(.data) for fac_us
    usart.o(.text) refers (Special) to use_no_semi_2.o(.text) for __use_no_semihosting
    usart.o(.text) refers to stm32f10x_usart.o(.text) for USART_GetFlagStatus
    usart.o(.text) refers to stm32f10x_rcc.o(.text) for RCC_APB2PeriphClockCmd
    usart.o(.text) refers to stm32f10x_gpio.o(.text) for GPIO_Init
    usart.o(.text) refers to misc.o(.text) for NVIC_Init
    usart.o(.text) refers to usart.o(.data) for USART1_RX_STA
    usart.o(.text) refers to usart.o(.bss) for USART1_RX_BUF
    usart.o(.bss) refers (Special) to use_no_semi_2.o(.text) for __use_no_semihosting
    usart.o(.data) refers (Special) to use_no_semi_2.o(.text) for __use_no_semihosting
    startup_stm32f10x_hd.o(STACK) refers (Special) to heapauxi.o(.text) for __use_two_region_memory
    startup_stm32f10x_hd.o(HEAP) refers (Special) to heapauxi.o(.text) for __use_two_region_memory
[...]
    libinit.o(.ARM.Collect$$libinit$$00000000) refers (Special) to libinit2.o(.ARM.Collect$$libinit$$00000021) for __rt_lib_init_clock_1
    libinit.o(.ARM.Collect$$libinit$$00000000) refers (Special) to libinit2.o(.ARM.Collect$$libinit$$00000032) for __rt_lib_init_cpp_1
    libinit.o(.ARM.Collect$$libinit$$00000000) refers (Special) to libinit2.o(.ARM.Collect$$libinit$$00000030) for __rt_lib_init_exceptions_1
    libinit.o(.ARM.Collect$$libinit$$00000000) refers (Special) to libinit2.o(.ARM.Collect$$libinit$$00000002) for __rt_lib_init_fp_1
    libinit.o(.ARM.Collect$$libinit$$00000000) refers (Special) to libinit2.o(.ARM.Collect$$libinit$$0000001F) for __rt_lib_init_fp_trap_1
    libinit.o(.ARM.Collect$$libinit$$00000000) refers (Special) to libinit2.o(.ARM.Collect$$libinit$$00000023) for __rt_lib_init_getenv_1
    libinit.o(.ARM.Collect$$libinit$$00000000) refers (Special) to libinit2.o(.ARM.Collect$$libinit$$0000000A) for __rt_lib_init_heap_1
    libinit.o(.ARM.Collect$$libinit$$00000000) refers (Special) to libinit2.o(.ARM.Collect$$libinit$$00000011) for __rt_lib_init_lc_collate_1
    libinit.o(.ARM.Collect$$libinit$$00000000) refers (Special) to libinit2.o(.ARM.Collect$$libinit$$00000013) for __rt_lib_init_lc_ctype_1
    libinit.o(.ARM.Collect$$libinit$$00000000) refers (Special) to libinit2.o(.ARM.Collect$$libinit$$00000015) for __rt_lib_init_lc_monetary_1
    libinit.o(.ARM.Collect$$libinit$$00000000) refers (Special) to libinit2.o(.ARM.Collect$$libinit$$00000017) for __rt_lib_init_lc_numeric_1
    libinit.o(.ARM.Collect$$libinit$$00000000) refers (Special) to libinit2.o(.ARM.Collect$$libinit$$00000019) for __rt_lib_init_lc_time_1
    libinit.o(.ARM.Collect$$libinit$$00000000) refers (Special) to libinit2.o(.ARM.Collect$$libinit$$00000004) for __rt_lib_init_preinit_1
    libinit.o(.ARM.Collect$$libinit$$00000000) refers (Special) to libinit2.o(.ARM.Collect$$libinit$$0000000E) for __rt_lib_init_rand_1
    libinit.o(.ARM.Collect$$libinit$$00000000) refers (Special) to libinit2.o(.ARM.Collect$$libinit$$00000033) for __rt_lib_init_return
    libinit.o(.ARM.Collect$$libinit$$00000000) refers (Special) to libinit2.o(.ARM.Collect$$libinit$$0000001D) for __rt_lib_init_signal_1
    libinit.o(.ARM.Collect$$libinit$$00000000) refers (Special) to libinit2.o(.ARM.Collect$$libinit$$00000025) for __rt_lib_init_stdio_1
    libinit.o(.ARM.Collect$$libinit$$00000000) refers (Special) to libinit2.o(.ARM.Collect$$libinit$$0000000C) for __rt_lib_init_user_alloc_1
    libspace.o(.text) refers to libspace.o(.bss) for __libspace_start
    rtexit.o(.ARM.Collect$$rtexit$$00000000) refers (Special) to rtexit2.o(.ARM.Collect$$rtexit$$00000004) for __rt_exit_exit
    rtexit.o(.ARM.Collect$$rtexit$$00000000) refers (Special) to rtexit2.o(.ARM.Collect$$rtexit$$00000003) for __rt_exit_ls
    rtexit.o(.ARM.Collect$$rtexit$$00000000) refers (Special) to rtexit2.o(.ARM.Collect$$rtexit$$00000002) for __rt_exit_prels_1
    rtexit.o(.ARM.exidx) refers (Special) to rtexit2.o(.ARM.Collect$$rtexit$$00000004) for __rt_exit_exit
    rtexit.o(.ARM.exidx) refers (Special) to rtexit2.o(.ARM.Collect$$rtexit$$00000003) for __rt_exit_ls
    rtexit.o(.ARM.exidx) refers (Special) to rtexit2.o(.ARM.Collect$$rtexit$$00000002) for __rt_exit_prels_1
    rtexit.o(.ARM.exidx) refers to rtexit.o(.ARM.Collect$$rtexit$$00000000) for .ARM.Collect$$rtexit$$00000000
    libinit2.o(.ARM.Collect$$libinit$$00000010) refers to libinit2.o(.ARM.Collect$$libinit$$0000000F) for .ARM.Collect$$libinit$$0000000F
    libinit2.o(.ARM.Collect$$libinit$$00000012) refers to libinit2.o(.ARM.Collect$$libinit$$0000000F) for .ARM.Collect$$libinit$$0000000F
    libinit2.o(.ARM.Collect$$libinit$$00000014) refers to libinit2.o(.ARM.Collect$$libinit$$0000000F) for .ARM.Collect$$libinit$$0000000F
    libinit2.o(.ARM.Collect$$libinit$$00000016) refers to libinit2.o(.ARM.Collect$$libinit$$0000000F) for .ARM.Collect$$libinit$$0000000F
    libinit2.o(.ARM.Collect$$libinit$$00000018) refers to libinit2.o(.ARM.Collect$$libinit$$0000000F) for .ARM.Collect$$libinit$$0000000F
    libinit2.o(.ARM.Collect$$libinit$$00000026) refers to argv_veneer.o(.emb_text) for __ARM_argv_veneer
    libinit2.o(.ARM.Collect$$libinit$$00000027) refers to argv_veneer.o(.emb_text) for __ARM_argv_veneer
    rtexit2.o(.ARM.Collect$$rtexit$$00000003) refers to libshutdown.o(.ARM.Collect$$libshutdown$$00000000) for __rt_lib_shutdown
    rtexit2.o(.ARM.Collect$$rtexit$$00000004) refers to usart.o(.text) for _sys_exit
    rtexit2.o(.ARM.exidx) refers to rtexit2.o(.ARM.Collect$$rtexit$$00000001) for .ARM.Collect$$rtexit$$00000001
    rtexit2.o(.ARM.exidx) refers to rtexit2.o(.ARM.Collect$$rtexit$$00000003) for .ARM.Collect$$rtexit$$00000003
    rtexit2.o(.ARM.exidx) refers to rtexit2.o(.ARM.Collect$$rtexit$$00000004) for .ARM.Collect$$rtexit$$00000004
    argv_veneer.o(.emb_text) refers to no_argv.o(.text) for __ARM_get_argv
    _get_argv_nomalloc.o(.text) refers (Special) to hrguard.o(.text) for __heap_region$guard
    _get_argv_nomalloc.o(.text) refers to defsig_rtmem_outer.o(.text) for __rt_SIGRTMEM
    _get_argv_nomalloc.o(.text) refers to sys_command.o(.text) for _sys_command_string
    libshutdown.o(.ARM.Collect$$libshutdown$$00000000) refers (Special) to libshutdown2.o(.ARM.Collect$$libshutdown$$00000002) for __rt_lib_shutdown_cpp_1
    libshutdown.o(.ARM.Collect$$libshutdown$$00000000) refers (Special) to libshutdown2.o(.ARM.Collect$$libshutdown$$00000007) for __rt_lib_shutdown_fp_trap_1
    libshutdown.o(.ARM.Collect$$libshutdown$$00000000) refers (Special) to libshutdown2.o(.ARM.Collect$$libshutdown$$0000000F) for __rt_lib_shutdown_heap_1
    libshutdown.o(.ARM.Collect$$libshutdown$$00000000) refers (Special) to libshutdown2.o(.ARM.Collect$$libshutdown$$00000010) for __rt_lib_shutdown_return
    libshutdown.o(.ARM.Collect$$libshutdown$$00000000) refers (Special) to libshutdown2.o(.ARM.Collect$$libshutdown$$0000000A) for __rt_lib_shutdown_signal_1
    libshutdown.o(.ARM.Collect$$libshutdown$$00000000) refers (Special) to libshutdown2.o(.ARM.Collect$$libshutdown$$00000004) for __rt_lib_shutdown_stdio_1
    libshutdown.o(.ARM.Collect$$libshutdown$$00000000) refers (Special) to libshutdown2.o(.ARM.Collect$$libshutdown$$0000000C) for __rt_lib_shutdown_user_alloc_1
    sys_command.o(.text) refers (Special) to use_no_semi.o(.text) for __I$use$semihosting
    sys_command.o(.text) refers (Special) to indicate_semi.o(.text) for __semihosting_library_function
    defsig_rtmem_outer.o(.text) refers to defsig_rtmem_inner.o(.text) for __rt_SIGRTMEM_inner
    defsig_rtmem_outer.o(.text) refers to defsig_exit.o(.text) for __sig_exit
    defsig_rtmem_formal.o(.text) refers to rt_raise.o(.text) for __rt_raise
    rt_raise.o(.text) refers to __raise.o(.text) for __raise
    rt_raise.o(.text) refers to usart.o(.text) for _sys_exit
    defsig_exit.o(.text) refers to usart.o(.text) for _sys_exit
    defsig_rtmem_inner.o(.text) refers to defsig_general.o(.text) for __default_signal_display
    __raise.o(.text) refers to defsig.o(CL$$defsig) for __default_signal_handler
    defsig_general.o(.text) refers to sys_wrch.o(.text) for _ttywrch
    sys_wrch.o(.text) refers (Special) to use_no_semi.o(.text) for __I$use$semihosting
    sys_wrch.o(.text) refers (Special) to indicate_semi.o(.text) for __semihosting_library_function
    defsig.o(CL$$defsig) refers to defsig_rtmem_inner.o(.text) for __rt_SIGRTMEM_inner
    defsig_abrt_inner.o(.text) refers to defsig_general.o(.text) for __default_signal_display
    defsig_fpe_inner.o(.text) refers to defsig_general.o(.text) for __default_signal_display
    defsig_rtred_inner.o(.text) refers to defsig_general.o(.text) for __default_signal_display
    defsig_stak_inner.o(.text) refers to defsig_general.o(.text) for __default_signal_display
    defsig_pvfn_inner.o(.text) refers to defsig_general.o(.text) for __default_signal_display
    defsig_cppl_inner.o(.text) refers to defsig_general.o(.text) for __default_signal_display
    defsig_segv_inner.o(.text) refers to defsig_general.o(.text) for __default_signal_display
    defsig_other.o(.text) refers to defsig_general.o(.text) for __default_signal_display


==============================================================================

Removing Unused input sections from the image.

    Removing sys.o(.emb_text), (6 bytes).
    Removing sys.o(.text), (12 bytes).
    Removing core_cm3.o(.emb_text), (32 bytes).

3 unused section(s) (total 50 bytes) removed from the image.

==============================================================================

Image Symbol Table

    Local Symbols

    Symbol Name                              Value     Ov Type        Size  Object(Section)

    ../clib/angel/boardlib.s                 0x00000000   Number         0  boardinit2.o ABSOLUTE
    ../clib/angel/boardlib.s                 0x00000000   Number         0  boardinit1.o ABSOLUTE
    ../clib/angel/boardlib.s                 0x00000000   Number         0  boardinit3.o ABSOLUTE
    ../clib/angel/boardlib.s                 0x00000000   Number         0  boardshut.o ABSOLUTE
    ../clib/angel/handlers.s                 0x00000000   Number         0  __scatter_zi.o ABSOLUTE
    ../clib/angel/handlers.s                 0x00000000   Number         0  __scatter_copy.o ABSOLUTE
    ../clib/angel/kernel.s                   0x00000000   Number         0  __rtentry.o ABSOLUTE
    ../clib/angel/kernel.s                   0x00000000   Number         0  __rtentry2.o ABSOLUTE
    ../clib/angel/kernel.s                   0x00000000   Number         0  rtexit2.o ABSOLUTE
    ../clib/angel/kernel.s                   0x00000000   Number         0  rtexit.o ABSOLUTE
    ../clib/angel/kernel.s                   0x00000000   Number         0  __rtentry4.o ABSOLUTE
    ../clib/angel/rt.s                       0x00000000   Number         0  rt_raise.o ABSOLUTE
    ../clib/angel/scatter.s                  0x00000000   Number         0  __scatter.o ABSOLUTE
    ../clib/angel/startup.s                  0x00000000   Number         0  __main.o ABSOLUTE
    ../clib/angel/sys.s                      0x00000000   Number         0  sys_stackheap_outer.o ABSOLUTE
    ../clib/angel/sys.s                      0x00000000   Number         0  use_no_semi.o ABSOLUTE
    ../clib/angel/sys.s                      0x00000000   Number         0  indicate_semi.o ABSOLUTE
    ../clib/angel/sys.s                      0x00000000   Number         0  use_no_semi_2.o ABSOLUTE
    ../clib/angel/sys.s                      0x00000000   Number         0  libspace.o ABSOLUTE
    ../clib/angel/sysapp.c                   0x00000000   Number         0  sys_command.o ABSOLUTE
    ../clib/angel/sysapp.c                   0x00000000   Number         0  sys_wrch.o ABSOLUTE
    ../clib/armsys.c                         0x00000000   Number         0  argv_veneer.o ABSOLUTE
    ../clib/armsys.c                         0x00000000   Number         0  argv_veneer.o ABSOLUTE
    ../clib/armsys.c                         0x00000000   Number         0  _get_argv_nomalloc.o ABSOLUTE
    ../clib/armsys.c                         0x00000000   Number         0  no_argv.o ABSOLUTE
    ../clib/heapalloc.c                      0x00000000   Number         0  hrguard.o ABSOLUTE
    ../clib/heapaux.c                        0x00000000   Number         0  heapauxi.o ABSOLUTE
    ../clib/libinit.s                        0x00000000   Number         0  libinit2.o ABSOLUTE
    ../clib/libinit.s                        0x00000000   Number         0  libinit.o ABSOLUTE
    ../clib/libinit.s                        0x00000000   Number         0  libshutdown2.o ABSOLUTE
    ../clib/libinit.s                        0x00000000   Number         0  libshutdown.o ABSOLUTE
    ../clib/memcpset.s                       0x00000000   Number         0  rt_memcpy_v6.o ABSOLUTE
    ../clib/memcpset.s                       0x00000000   Number         0  rt_memclr.o ABSOLUTE
    ../clib/memcpset.s                       0x00000000   Number         0  rt_memclr_w.o ABSOLUTE
    ../clib/memcpset.s                       0x00000000   Number         0  rt_memcpy_w.o ABSOLUTE
    ../clib/printf.c                         0x00000000   Number         0  _printf_dec.o ABSOLUTE
    ../clib/printf.c                         0x00000000   Number         0  _printf_str.o ABSOLUTE
    ../clib/printf.c                         0x00000000   Number         0  __printf_ss.o ABSOLUTE
    ../clib/printf.c                         0x00000000   Number         0  __printf.o ABSOLUTE
    ../clib/printf.c                         0x00000000   Number         0  noretval__2sprintf.o ABSOLUTE
    ../clib/printf.c                         0x00000000   Number         0  noretval__2printf.o ABSOLUTE
    ../clib/printf.c                         0x00000000   Number         0  __2sprintf.o ABSOLUTE
    ../clib/printf.c                         0x00000000   Number         0  __2printf.o ABSOLUTE
    ../clib/printf.c                         0x00000000   Number         0  _printf_intcommon.o ABSOLUTE
    ../clib/printf.c                         0x00000000   Number         0  __printf_nopercent.o ABSOLUTE
    ../clib/printf.c                         0x00000000   Number         0  __printf_flags_wp.o ABSOLUTE
    ../clib/printf.c                         0x00000000   Number         0  __printf_flags_ss_wp.o ABSOLUTE
    ../clib/printf.c                         0x00000000   Number         0  __printf_flags.o ABSOLUTE
    ../clib/printf.c                         0x00000000   Number         0  __printf_ss_wp.o ABSOLUTE
    ../clib/printf.c                         0x00000000   Number         0  __printf_wp.o ABSOLUTE
    ../clib/printf.c                         0x00000000   Number         0  __printf_flags_ss.o ABSOLUTE
    ../clib/printf.c                         0x00000000   Number         0  _printf_char_file.o ABSOLUTE
    ../clib/printf.c                         0x00000000   Number         0  _printf_char.o ABSOLUTE
    ../clib/printf.c                         0x00000000   Number         0  _sputc.o ABSOLUTE
    ../clib/printf.c                         0x00000000   Number         0  _printf_char_common.o ABSOLUTE
    ../clib/printf_percent.s                 0x00000000   Number         0  _printf_d.o ABSOLUTE
    ../clib/printf_percent.s                 0x00000000   Number         0  _printf_percent.o ABSOLUTE
    ../clib/printf_percent.s                 0x00000000   Number         0  _printf_s.o ABSOLUTE
    ../clib/printf_percent.s                 0x00000000   Number         0  _printf_percent_end.o ABSOLUTE
    ../clib/signal.c                         0x00000000   Number         0  defsig_other.o ABSOLUTE
    ../clib/signal.c                         0x00000000   Number         0  defsig_rtmem_formal.o ABSOLUTE
    ../clib/signal.c                         0x00000000   Number         0  defsig_abrt_inner.o ABSOLUTE
    ../clib/signal.c                         0x00000000   Number         0  defsig_fpe_inner.o ABSOLUTE
    ../clib/signal.c                         0x00000000   Number         0  defsig_rtred_inner.o ABSOLUTE
    ../clib/signal.c                         0x00000000   Number         0  defsig_exit.o ABSOLUTE
    ../clib/signal.c                         0x00000000   Number         0  defsig_rtmem_inner.o ABSOLUTE
    ../clib/signal.c                         0x00000000   Number         0  defsig_stak_inner.o ABSOLUTE
    ../clib/signal.c                         0x00000000   Number         0  __raise.o ABSOLUTE
    ../clib/signal.c                         0x00000000   Number         0  defsig_pvfn_inner.o ABSOLUTE
    ../clib/signal.c                         0x00000000   Number         0  defsig_rtmem_outer.o ABSOLUTE
    ../clib/signal.c                         0x00000000   Number         0  defsig_cppl_inner.o ABSOLUTE
    ../clib/signal.c                         0x00000000   Number         0  defsig_segv_inner.o ABSOLUTE
    ../clib/signal.c                         0x00000000   Number         0  defsig_general.o ABSOLUTE
    ../clib/signal.s                         0x00000000   Number         0  defsig.o ABSOLUTE
    ../clib/stdio.c                          0x00000000   Number         0  ferror_locked.o ABSOLUTE
    ../clib/stdio.c                          0x00000000   Number         0  ferror.o ABSOLUTE
    ../clib/stdlib.c                         0x00000000   Number         0  exit.o ABSOLUTE
    ../clib/string.c                         0x00000000   Number         0  strstr.o ABSOLUTE
    ../clib/string.c                         0x00000000   Number         0  strcat.o ABSOLUTE
    ../clib/string.c                         0x00000000   Number         0  strlen.o ABSOLUTE
    ../fplib/dfixu.s                         0x00000000   Number         0  dfixu.o ABSOLUTE
    ../fplib/dflt.s                          0x00000000   Number         0  dflt_clz.o ABSOLUTE
    ../fplib/dmul.s                          0x00000000   Number         0  dmul.o ABSOLUTE
    ../fplib/dnaninf.s                       0x00000000   Number         0  dnaninf.o ABSOLUTE
    ../fplib/dretinf.s                       0x00000000   Number         0  dretinf.o ABSOLUTE
    ../fplib/faddsub.s                       0x00000000   Number         0  faddsub_clz.o ABSOLUTE
    ../fplib/ffixu.s                         0x00000000   Number         0  ffixu.o ABSOLUTE
    ../fplib/fflt.s                          0x00000000   Number         0  fflt_clz.o ABSOLUTE
    ../fplib/fmul.s                          0x00000000   Number         0  fmul.o ABSOLUTE
    ../fplib/fnaninf.s                       0x00000000   Number         0  fnaninf.o ABSOLUTE
    ../fplib/fpinit.s                        0x00000000   Number         0  fpinit.o ABSOLUTE
    ../fplib/fretinf.s                       0x00000000   Number         0  fretinf.o ABSOLUTE
    ../fplib/usenofp.s                       0x00000000   Number         0  usenofp.o ABSOLUTE
    ..\CORE\core_cm3.c                       0x00000000   Number         0  core_cm3.o ABSOLUTE
    ..\CORE\startup_stm32f10x_hd.s           0x00000000   Number         0  startup_stm32f10x_hd.o ABSOLUTE
    ..\HARDWARE\TFT9341\lcd.c                0x00000000   Number         0  lcd.o ABSOLUTE
    ..\HARDWARE\esp8266\esp8266.c            0x00000000   Number         0  esp8266.o ABSOLUTE
    ..\HARDWARE\http\HTTP_Demo.c             0x00000000   Number         0  http_demo.o ABSOLUTE
    ..\HARDWARE\usart2\usart2.c              0x00000000   Number         0  usart2.o ABSOLUTE
    ..\HARDWARE\¼üÅÌ\Key_GPIO_Init.c         0x00000000   Number         0  key_gpio_init.o ABSOLUTE
    ..\STM32F10x_FWLib\src\misc.c            0x00000000   Number         0  misc.o ABSOLUTE
    ..\STM32F10x_FWLib\src\stm32f10x_gpio.c  0x00000000   Number         0  stm32f10x_gpio.o ABSOLUTE
    ..\STM32F10x_FWLib\src\stm32f10x_rcc.c   0x00000000   Number         0  stm32f10x_rcc.o ABSOLUTE
    ..\STM32F10x_FWLib\src\stm32f10x_usart.c 0x00000000   Number         0  stm32f10x_usart.o ABSOLUTE
    ..\SYSTEM\delay\delay.c                  0x00000000   Number         0  delay.o ABSOLUTE
    ..\SYSTEM\sys\sys.c                      0x00000000   Number         0  sys.o ABSOLUTE
    ..\SYSTEM\usart\usart.c                  0x00000000   Number         0  usart.o ABSOLUTE
    ..\\CORE\\core_cm3.c                     0x00000000   Number         0  core_cm3.o ABSOLUTE
    ..\\SYSTEM\\sys\\sys.c                   0x00000000   Number         0  sys.o ABSOLUTE
    E:\Keil_v5\ARM\PACK\Keil\STM32F1xx_DFP\2.1.0\Device\StdPeriph_Driver\src\stm32f10x_fsmc.c 0x00000000   Number         0  stm32f10x_fsmc.o ABSOLUTE
    dc.s                                     0x00000000   Number         0  dc.o ABSOLUTE
    main.c                                   0x00000000   Number         0  main.o ABSOLUTE
    stm32f10x_it.c                           0x00000000   Number         0  stm32f10x_it.o ABSOLUTE
    system_stm32f10x.c                       0x00000000   Number         0  system_stm32f10x.o ABSOLUTE
    RESET                                    0x08000000   Section      304  startup_stm32f10x_hd.o(RESET)
    !!!main                                  0x08000130   Section        8  __main.o(!!!main)
    !!!scatter                               0x08000138   Section       52  __scatter.o(!!!scatter)
    !!handler_copy                           0x0800016c   Section       26  __scatter_copy.o(!!handler_copy)
    !!handler_zi                             0x08000188   Section       28  __scatter_zi.o(!!handler_zi)
    .ARM.Collect$$_printf_percent$$00000000  0x080001a4   Section        0  _printf_percent.o(.ARM.Collect$$_printf_percent$$00000000)
    .ARM.Collect$$_printf_percent$$00000009  0x080001a4   Section        6  _printf_d.o(.ARM.Collect$$_printf_percent$$00000009)
    .ARM.Collect$$_printf_percent$$00000014  0x080001aa   Section        6  _printf_s.o(.ARM.Collect$$_printf_percent$$00000014)
    .ARM.Collect$$_printf_percent$$00000017  0x080001b0   Section        4  _printf_percent_end.o(.ARM.Collect$$_printf_percent$$00000017)
    .ARM.Collect$$libinit$$00000000          0x080001b4   Section        2  libinit.o(.ARM.Collect$$libinit$$00000000)
    .ARM.Collect$$libinit$$00000002          0x080001b6   Section        0  libinit2.o(.ARM.Collect$$libinit$$00000002)
    .ARM.Collect$$libinit$$00000004          0x080001b6   Section        0  libinit2.o(.ARM.Collect$$libinit$$00000004)
    .ARM.Collect$$libinit$$0000000A          0x080001b6   Section        0  libinit2.o(.ARM.Collect$$libinit$$0000000A)
    .ARM.Collect$$libinit$$0000000C          0x080001b6   Section        0  libinit2.o(.ARM.Collect$$libinit$$0000000C)
    .ARM.Collect$$libinit$$0000000E          0x080001b6   Section        0  libinit2.o(.ARM.Collect$$libinit$$0000000E)
    .ARM.Collect$$libinit$$00000011          0x080001b6   Section        0  libinit2.o(.ARM.Collect$$libinit$$00000011)
    .ARM.Collect$$libinit$$00000013          0x080001b6   Section        0  libinit2.o(.ARM.Collect$$libinit$$00000013)
    .ARM.Collect$$libinit$$00000015          0x080001b6   Section        0  libinit2.o(.ARM.Collect$$libinit$$00000015)
    .ARM.Collect$$libinit$$00000017          0x080001b6   Section        0  libinit2.o(.ARM.Collect$$libinit$$00000017)
    .ARM.Collect$$libinit$$00000019          0x080001b6   Section        0  libinit2.o(.ARM.Collect$$libinit$$00000019)
    .ARM.Collect$$libinit$$0000001B          0x080001b6   Section        0  libinit2.o(.ARM.Collect$$libinit$$0000001B)
    .ARM.Collect$$libinit$$0000001D          0x080001b6   Section        0  libinit2.o(.ARM.Collect$$libinit$$0000001D)
    .ARM.Collect$$libinit$$0000001F          0x080001b6   Section        0  libinit2.o(.ARM.Collect$$libinit$$0000001F)
    .ARM.Collect$$libinit$$00000021          0x080001b6   Section        0  libinit2.o(.ARM.Collect$$libinit$$00000021)
    .ARM.Collect$$libinit$$00000023          0x080001b6   Section        0  libinit2.o(.ARM.Collect$$libinit$$00000023)
    .ARM.Collect$$libinit$$00000025          0x080001b6   Section        0  libinit2.o(.ARM.Collect$$libinit$$00000025)
    .ARM.Collect$$libinit$$0000002C          0x080001b6   Section        0  libinit2.o(.ARM.Collect$$libinit$$0000002C)
    .ARM.Collect$$libinit$$0000002E          0x080001b6   Section        0  libinit2.o(.ARM.Collect$$libinit$$0000002E)
    .ARM.Collect$$libinit$$00000030          0x080001b6   Section        0  libinit2.o(.ARM.Collect$$libinit$$00000030)
    .ARM.Collect$$libinit$$00000032          0x080001b6   Section        0  libinit2.o(.ARM.Collect$$libinit$$00000032)
    .ARM.Collect$$libinit$$00000033          0x080001b6   Section        2  libinit2.o(.ARM.Collect$$libinit$$00000033)
    .ARM.Collect$$libshutdown$$00000000      0x080001b8   Section        2  libshutdown.o(.ARM.Collect$$libshutdown$$00000000)
    .ARM.Collect$$libshutdown$$00000002      0x080001ba   Section        0  libshutdown2.o(.ARM.Collect$$libshutdown$$00000002)
    .ARM.Collect$$libshutdown$$00000004      0x080001ba   Section        0  libshutdown2.o(.ARM.Collect$$libshutdown$$00000004)
    .ARM.Collect$$libshutdown$$00000007      0x080001ba   Section        0  libshutdown2.o(.ARM.Collect$$libshutdown$$00000007)
    .ARM.Collect$$libshutdown$$0000000A      0x080001ba   Section        0  libshutdown2.o(.ARM.Collect$$libshutdown$$0000000A)
    .ARM.Collect$$libshutdown$$0000000C      0x080001ba   Section        0  libshutdown2.o(.ARM.Collect$$libshutdown$$0000000C)
    .ARM.Collect$$libshutdown$$0000000F      0x080001ba   Section        0  libshutdown2.o(.ARM.Collect$$libshutdown$$0000000F)
    .ARM.Collect$$libshutdown$$00000010      0x080001ba   Section        2  libshutdown2.o(.ARM.Collect$$libshutdown$$00000010)
    .ARM.Collect$$rtentry$$00000000          0x080001bc   Section        0  __rtentry.o(.ARM.Collect$$rtentry$$00000000)
    .ARM.Collect$$rtentry$$00000002          0x080001bc   Section        0  __rtentry2.o(.ARM.Collect$$rtentry$$00000002)
    .ARM.Collect$$rtentry$$00000004          0x080001bc   Section        6  __rtentry4.o(.ARM.Collect$$rtentry$$00000004)
    .ARM.Collect$$rtentry$$00000009          0x080001c2   Section        0  __rtentry2.o(.ARM.Collect$$rtentry$$00000009)
    .ARM.Collect$$rtentry$$0000000A          0x080001c2   Section        4  __rtentry2.o(.ARM.Collect$$rtentry$$0000000A)
    .ARM.Collect$$rtentry$$0000000C          0x080001c6   Section        0  __rtentry2.o(.ARM.Collect$$rtentry$$0000000C)
    .ARM.Collect$$rtentry$$0000000D          0x080001c6   Section        8  __rtentry2.o(.ARM.Collect$$rtentry$$0000000D)
    .ARM.Collect$$rtexit$$00000000           0x080001ce   Section        2  rtexit.o(.ARM.Collect$$rtexit$$00000000)
    .ARM.Collect$$rtexit$$00000002           0x080001d0   Section        0  rtexit2.o(.ARM.Collect$$rtexit$$00000002)
    .ARM.Collect$$rtexit$$00000003           0x080001d0   Section        4  rtexit2.o(.ARM.Collect$$rtexit$$00000003)
    .ARM.Collect$$rtexit$$00000004           0x080001d4   Section        6  rtexit2.o(.ARM.Collect$$rtexit$$00000004)
    .text                                    0x080001dc   Section        0  main.o(.text)
    .text                                    0x080004a8   Section        0  stm32f10x_it.o(.text)
    .text                                    0x080004c4   Section        0  system_stm32f10x.o(.text)
    SetSysClockTo72                          0x080004c5   Thumb Code   214  system_stm32f10x.o(.text)
    SetSysClock                              0x0800059b   Thumb Code     8  system_stm32f10x.o(.text)
    .text                                    0x080006a4   Section        0  lcd.o(.text)
    .text                                    0x080052e8   Section        0  key_gpio_init.o(.text)
    .text                                    0x0800567c   Section        0  esp8266.o(.text)
    .text                                    0x08005788   Section        0  http_demo.o(.text)
    .text                                    0x08005914   Section        0  usart2.o(.text)
    .text                                    0x08005ac4   Section        0  delay.o(.text)
    .text                                    0x08005b98   Section        0  usart.o(.text)
    .text                                    0x08005ce8   Section       64  startup_stm32f10x_hd.o(.text)
    .text                                    0x08005d28   Section        0  misc.o(.text)
    .text                                    0x08005e04   Section        0  stm32f10x_gpio.o(.text)
    .text                                    0x08006160   Section        0  stm32f10x_rcc.o(.text)
    .text                                    0x08006504   Section        0  stm32f10x_usart.o(.text)
    .text                                    0x0800690c   Section        0  stm32f10x_fsmc.o(.text)
    .text                                    0x08006f18   Section        2  use_no_semi_2.o(.text)
    .text                                    0x08006f1c   Section        0  noretval__2printf.o(.text)
    .text                                    0x08006f34   Section        0  noretval__2sprintf.o(.text)
    .text                                    0x08006f5c   Section        0  __printf.o(.text)
    .text                                    0x08006fc4   Section        0  _printf_str.o(.text)
    .text                                    0x08007018   Section        0  _printf_dec.o(.text)
    .text                                    0x08007090   Section        0  strstr.o(.text)
    .text                                    0x080070b4   Section        0  strlen.o(.text)
    .text                                    0x080070f2   Section        0  strcat.o(.text)
    .text                                    0x0800710a   Section      138  rt_memcpy_v6.o(.text)
    .text                                    0x08007194   Section       68  rt_memclr.o(.text)
    .text                                    0x080071d8   Section       78  rt_memclr_w.o(.text)
    .text                                    0x08007226   Section        0  heapauxi.o(.text)
    .text                                    0x0800722c   Section        2  use_no_semi.o(.text)
    .text                                    0x0800722e   Section        0  _printf_intcommon.o(.text)
    .text                                    0x080072e0   Section        0  _printf_char_common.o(.text)
    _printf_input_char                       0x080072e1   Thumb Code    10  _printf_char_common.o(.text)
    .text                                    0x08007310   Section        0  _sputc.o(.text)
    .text                                    0x0800731a   Section        0  _printf_char.o(.text)
    .text                                    0x08007348   Section        0  _printf_char_file.o(.text)
    .text                                    0x0800736c   Section      100  rt_memcpy_w.o(.text)
    .text                                    0x080073d0   Section        0  ferror.o(.text)
    .text                                    0x080073d8   Section       74  sys_stackheap_outer.o(.text)
    .text                                    0x08007422   Section        0  exit.o(.text)
    .text                                    0x08007434   Section        8  libspace.o(.text)
    x$fpl$dfixu                              0x0800743c   Section       90  dfixu.o(x$fpl$dfixu)
    x$fpl$dfltu                              0x08007496   Section       38  dflt_clz.o(x$fpl$dfltu)
    x$fpl$dmul                               0x080074bc   Section      340  dmul.o(x$fpl$dmul)
    x$fpl$dnaninf                            0x08007610   Section      156  dnaninf.o(x$fpl$dnaninf)
    x$fpl$dretinf                            0x080076ac   Section       12  dretinf.o(x$fpl$dretinf)
    x$fpl$fadd                               0x080076b8   Section      196  faddsub_clz.o(x$fpl$fadd)
    _fadd1                                   0x080076c7   Thumb Code     0  faddsub_clz.o(x$fpl$fadd)
    x$fpl$ffixu                              0x0800777c   Section       62  ffixu.o(x$fpl$ffixu)
    x$fpl$ffltu                              0x080077bc   Section       38  fflt_clz.o(x$fpl$ffltu)
    x$fpl$fmul                               0x080077e4   Section      258  fmul.o(x$fpl$fmul)
    x$fpl$fnaninf                            0x080078e6   Section      140  fnaninf.o(x$fpl$fnaninf)
    x$fpl$fretinf                            0x08007972   Section       10  fretinf.o(x$fpl$fretinf)
    x$fpl$frsb                               0x0800797c   Section       20  faddsub_clz.o(x$fpl$frsb)
    x$fpl$fsub                               0x08007990   Section      234  faddsub_clz.o(x$fpl$fsub)
    _fsub1                                   0x0800799f   Thumb Code     0  faddsub_clz.o(x$fpl$fsub)
    .constdata                               0x08007a7a   Section    20480  lcd.o(.constdata)
    x$fpl$usenofp                            0x08007a7a   Section        0  usenofp.o(x$fpl$usenofp)
    .data                                    0x20000000   Section       20  system_stm32f10x.o(.data)
    .data                                    0x20000014   Section        4  lcd.o(.data)
    .data                                    0x20000018   Section       12  usart2.o(.data)
    .data                                    0x20000024   Section        4  delay.o(.data)
    fac_us                                   0x20000024   Data           1  delay.o(.data)
    fac_ms                                   0x20000026   Data           2  delay.o(.data)
    .data                                    0x20000028   Section        8  usart.o(.data)
    .data                                    0x20000030   Section       20  stm32f10x_rcc.o(.data)
    APBAHBPrescTable                         0x20000030   Data          16  stm32f10x_rcc.o(.data)
    ADCPrescTable                            0x20000040   Data           4  stm32f10x_rcc.o(.data)
    .bss                                     0x20000044   Section       14  lcd.o(.bss)
    .bss                                     0x20000052   Section     1024  usart2.o(.bss)
    .bss                                     0x20000452   Section    10000  usart.o(.bss)
    .bss                                     0x20002b64   Section       96  libspace.o(.bss)
    HEAP                                     0x20002bc8   Section      512  startup_stm32f10x_hd.o(HEAP)
    Heap_Mem                                 0x20002bc8   Data         512  startup_stm32f10x_hd.o(HEAP)
    STACK                                    0x20002dc8   Section     1024  startup_stm32f10x_hd.o(STACK)
    Stack_Mem                                0x20002dc8   Data        1024  startup_stm32f10x_hd.o(STACK)
    __initial_sp                             0x200031c8   Data           0  startup_stm32f10x_hd.o(STACK)

    Global Symbols

    Symbol Name                              Value     Ov Type        Size  Object(Section)

    BuildAttributes$$THM_ISAv4$P$D$K$B$S$PE$A:L22UL41UL21$X:L11$S22US41US21$IEEE1$IW$USESV6$~STKCKD$USESV7$~SHL$OSPACE$ROPI$EBA8$UX$STANDARDLIB$REQ8$PRES8$EABIv2 0x00000000   Number         0  anon$$obj.o ABSOLUTE
    __ARM_use_no_argv                        0x00000000   Number         0  main.o ABSOLUTE
    __ARM_exceptions_init                     - Undefined Weak Reference
    __alloca_initialize                       - Undefined Weak Reference
    __arm_preinit_                            - Undefined Weak Reference
    __cpp_initialize__aeabi_                  - Undefined Weak Reference
    __cxa_finalize                            - Undefined Weak Reference
    __rt_locale                               - Undefined Weak Reference
    __sigvec_lookup                           - Undefined Weak Reference
    _atexit_init                              - Undefined Weak Reference
    _call_atexit_fns                          - Undefined Weak Reference
    _clock_init                               - Undefined Weak Reference
    _fp_trap_init                             - Undefined Weak Reference
    _fp_trap_shutdown                         - Undefined Weak Reference
    _get_lc_collate                           - Undefined Weak Reference
    _get_lc_ctype                             - Undefined Weak Reference
    _get_lc_monetary                          - Undefined Weak Reference
    _get_lc_numeric                           - Undefined Weak Reference
    _get_lc_time                              - Undefined Weak Reference
    _getenv_init                              - Undefined Weak Reference
    _handle_redirection                       - Undefined Weak Reference
    _init_alloc                               - Undefined Weak Reference
    _init_user_alloc                          - Undefined Weak Reference
    _initio                                   - Undefined Weak Reference
    _mutex_acquire                            - Undefined Weak Reference
    _mutex_release                            - Undefined Weak Reference
    _printf_mbtowc                            - Undefined Weak Reference
    _printf_post_padding                      - Undefined Weak Reference
    _printf_pre_padding                       - Undefined Weak Reference
    _printf_truncate_signed                   - Undefined Weak Reference
    _printf_truncate_unsigned                 - Undefined Weak Reference
    _rand_init                                - Undefined Weak Reference
    _signal_finish                            - Undefined Weak Reference
    _signal_init                              - Undefined Weak Reference
    _terminate_alloc                          - Undefined Weak Reference
    _terminate_user_alloc                     - Undefined Weak Reference
    _terminateio                              - Undefined Weak Reference
    __Vectors_Size                           0x00000130   Number         0  startup_stm32f10x_hd.o ABSOLUTE
    __Vectors                                0x08000000   Data           4  startup_stm32f10x_hd.o(RESET)
    __Vectors_End                            0x08000130   Data           0  startup_stm32f10x_hd.o(RESET)
    __main                                   0x08000131   Thumb Code     8  __main.o(!!!main)
    __scatterload                            0x08000139   Thumb Code     0  __scatter.o(!!!scatter)
    __scatterload_rt2                        0x08000139   Thumb Code    44  __scatter.o(!!!scatter)
    __scatterload_rt2_thumb_only             0x08000139   Thumb Code     0  __scatter.o(!!!scatter)
    __scatterload_null                       0x08000147   Thumb Code     0  __scatter.o(!!!scatter)
    __scatterload_copy                       0x0800016d   Thumb Code    26  __scatter_copy.o(!!handler_copy)
    __scatterload_zeroinit                   0x08000189   Thumb Code    28  __scatter_zi.o(!!handler_zi)
    _printf_d                                0x080001a5   Thumb Code     0  _printf_d.o(.ARM.Collect$$_printf_percent$$00000009)
    _printf_percent                          0x080001a5   Thumb Code     0  _printf_percent.o(.ARM.Collect$$_printf_percent$$00000000)
    _printf_s                                0x080001ab   Thumb Code     0  _printf_s.o(.ARM.Collect$$_printf_percent$$00000014)
    _printf_percent_end                      0x080001b1   Thumb Code     0  _printf_percent_end.o(.ARM.Collect$$_printf_percent$$00000017)
    __rt_lib_init                            0x080001b5   Thumb Code     0  libinit.o(.ARM.Collect$$libinit$$00000000)
    __rt_lib_init_alloca_1                   0x080001b7   Thumb Code     0  libinit2.o(.ARM.Collect$$libinit$$0000002E)
    __rt_lib_init_argv_1                     0x080001b7   Thumb Code     0  libinit2.o(.ARM.Collect$$libinit$$0000002C)
    __rt_lib_init_atexit_1                   0x080001b7   Thumb Code     0  libinit2.o(.ARM.Collect$$libinit$$0000001B)
    __rt_lib_init_clock_1                    0x080001b7   Thumb Code     0  libinit2.o(.ARM.Collect$$libinit$$00000021)
    __rt_lib_init_cpp_1                      0x080001b7   Thumb Code     0  libinit2.o(.ARM.Collect$$libinit$$00000032)
    __rt_lib_init_exceptions_1               0x080001b7   Thumb Code     0  libinit2.o(.ARM.Collect$$libinit$$00000030)
    __rt_lib_init_fp_1                       0x080001b7   Thumb Code     0  libinit2.o(.ARM.Collect$$libinit$$00000002)
    __rt_lib_init_fp_trap_1                  0x080001b7   Thumb Code     0  libinit2.o(.ARM.Collect$$libinit$$0000001F)
    __rt_lib_init_getenv_1                   0x080001b7   Thumb Code     0  libinit2.o(.ARM.Collect$$libinit$$00000023)
    __rt_lib_init_heap_1                     0x080001b7   Thumb Code     0  libinit2.o(.ARM.Collect$$libinit$$0000000A)
    __rt_lib_init_lc_collate_1               0x080001b7   Thumb Code     0  libinit2.o(.ARM.Collect$$libinit$$00000011)
    __rt_lib_init_lc_ctype_1                 0x080001b7   Thumb Code     0  libinit2.o(.ARM.Collect$$libinit$$00000013)
    __rt_lib_init_lc_monetary_1              0x080001b7   Thumb Code     0  libinit2.o(.ARM.Collect$$libinit$$00000015)
    __rt_lib_init_lc_numeric_1               0x080001b7   Thumb Code     0  libinit2.o(.ARM.Collect$$libinit$$00000017)
    __rt_lib_init_lc_time_1                  0x080001b7   Thumb Code     0  libinit2.o(.ARM.Collect$$libinit$$00000019)
    __rt_lib_init_preinit_1                  0x080001b7   Thumb Code     0  libinit2.o(.ARM.Collect$$libinit$$00000004)
    __rt_lib_init_rand_1                     0x080001b7   Thumb Code     0  libinit2.o(.ARM.Collect$$libinit$$0000000E)
    __rt_lib_init_return                     0x080001b7   Thumb Code     0  libinit2.o(.ARM.Collect$$libinit$$00000033)
    __rt_lib_init_signal_1                   0x080001b7   Thumb Code     0  libinit2.o(.ARM.Collect$$libinit$$0000001D)
    __rt_lib_init_stdio_1                    0x080001b7   Thumb Code     0  libinit2.o(.ARM.Collect$$libinit$$00000025)
    __rt_lib_init_user_alloc_1               0x080001b7   Thumb Code     0  libinit2.o(.ARM.Collect$$libinit$$0000000C)
    __rt_lib_shutdown                        0x080001b9   Thumb Code     0  libshutdown.o(.ARM.Collect$$libshutdown$$00000000)
    __rt_lib_shutdown_cpp_1                  0x080001bb   Thumb Code     0  libshutdown2.o(.ARM.Collect$$libshutdown$$00000002)
    __rt_lib_shutdown_fp_trap_1              0x080001bb   Thumb Code     0  libshutdown2.o(.ARM.Collect$$libshutdown$$00000007)
    __rt_lib_shutdown_heap_1                 0x080001bb   Thumb Code     0  libshutdown2.o(.ARM.Collect$$libshutdown$$0000000F)
    __rt_lib_shutdown_return                 0x080001bb   Thumb Code     0  libshutdown2.o(.ARM.Collect$$libshutdown$$00000010)
    __rt_lib_shutdown_signal_1               0x080001bb   Thumb Code     0  libshutdown2.o(.ARM.Collect$$libshutdown$$0000000A)
    __rt_lib_shutdown_stdio_1                0x080001bb   Thumb Code     0  libshutdown2.o(.ARM.Collect$$libshutdown$$00000004)
    __rt_lib_shutdown_user_alloc_1           0x080001bb   Thumb Code     0  libshutdown2.o(.ARM.Collect$$libshutdown$$0000000C)
    __rt_entry                               0x080001bd   Thumb Code     0  __rtentry.o(.ARM.Collect$$rtentry$$00000000)
    __rt_entry_presh_1                       0x080001bd   Thumb Code     0  __rtentry2.o(.ARM.Collect$$rtentry$$00000002)
    __rt_entry_sh                            0x080001bd   Thumb Code     0  __rtentry4.o(.ARM.Collect$$rtentry$$00000004)
    __rt_entry_li                            0x080001c3   Thumb Code     0  __rtentry2.o(.ARM.Collect$$rtentry$$0000000A)
    __rt_entry_postsh_1                      0x080001c3   Thumb Code     0  __rtentry2.o(.ARM.Collect$$rtentry$$00000009)
    __rt_entry_main                          0x080001c7   Thumb Code     0  __rtentry2.o(.ARM.Collect$$rtentry$$0000000D)
    __rt_entry_postli_1                      0x080001c7   Thumb Code     0  __rtentry2.o(.ARM.Collect$$rtentry$$0000000C)
    __rt_exit                                0x080001cf   Thumb Code     0  rtexit.o(.ARM.Collect$$rtexit$$00000000)
    __rt_exit_ls                             0x080001d1   Thumb Code     0  rtexit2.o(.ARM.Collect$$rtexit$$00000003)
    __rt_exit_prels_1                        0x080001d1   Thumb Code     0  rtexit2.o(.ARM.Collect$$rtexit$$00000002)
    __rt_exit_exit                           0x080001d5   Thumb Code     0  rtexit2.o(.ARM.Collect$$rtexit$$00000004)
    main                                     0x080001dd   Thumb Code   672  main.o(.text)
    NMI_Handler                              0x080004a9   Thumb Code     2  stm32f10x_it.o(.text)
    HardFault_Handler                        0x080004ab   Thumb Code     4  stm32f10x_it.o(.text)
    MemManage_Handler                        0x080004af   Thumb Code     4  stm32f10x_it.o(.text)
    BusFault_Handler                         0x080004b3   Thumb Code     4  stm32f10x_it.o(.text)
    UsageFault_Handler                       0x080004b7   Thumb Code     4  stm32f10x_it.o(.text)
    SVC_Handler                              0x080004bb   Thumb Code     2  stm32f10x_it.o(.text)
    DebugMon_Handler                         0x080004bd   Thumb Code     2  stm32f10x_it.o(.text)
    PendSV_Handler                           0x080004bf   Thumb Code     2  stm32f10x_it.o(.text)
    SysTick_Handler                          0x080004c1   Thumb Code     2  stm32f10x_it.o(.text)
    SystemInit                               0x080005a3   Thumb Code    78  system_stm32f10x.o(.text)
    SystemCoreClockUpdate                    0x080005f1   Thumb Code   142  system_stm32f10x.o(.text)
    LCD_WR_REG                               0x080006a5   Thumb Code     6  lcd.o(.text)
    LCD_WR_DATA                              0x080006ab   Thumb Code     8  lcd.o(.text)
    LCD_RD_DATA                              0x080006b3   Thumb Code    16  lcd.o(.text)
    LCD_WriteReg                             0x080006c3   Thumb Code    10  lcd.o(.text)
    LCD_ReadReg                              0x080006cd   Thumb Code    22  lcd.o(.text)
    LCD_WriteRAM_Prepare                     0x080006e3   Thumb Code    10  lcd.o(.text)
    LCD_WriteRAM                             0x080006ed   Thumb Code     8  lcd.o(.text)
    LCD_BGR2RGB                              0x080006f5   Thumb Code    26  lcd.o(.text)
    opt_delay                                0x0800070f   Thumb Code    14  lcd.o(.text)
    LCD_SetCursor                            0x0800071d   Thumb Code   418  lcd.o(.text)
    LCD_ReadPoint                            0x080008bf   Thumb Code   360  lcd.o(.text)
    LCD_DisplayOn                            0x08000a27   Thumb Code   102  lcd.o(.text)
    LCD_DisplayOff                           0x08000a8d   Thumb Code    90  lcd.o(.text)
    LCD_Scan_Dir                             0x08000ae7   Thumb Code   744  lcd.o(.text)
    LCD_DrawPoint                            0x08000dcf   Thumb Code    28  lcd.o(.text)
    LCD_Fast_DrawPoint                       0x08000deb   Thumb Code   384  lcd.o(.text)
    LCD_SSD_BackLightSet                     0x08000f6b   Thumb Code    80  lcd.o(.text)
    LCD_Display_Dir                          0x08000fbb   Thumb Code   444  lcd.o(.text)
    LCD_Set_Window                           0x08001177   Thumb Code   540  lcd.o(.text)
    LCD_Clear                                0x08001393   Thumb Code   100  lcd.o(.text)
    LCD_Init                                 0x080013f7   Thumb Code 14148  lcd.o(.text)
    LCD_Fill                                 0x08004b3b   Thumb Code   178  lcd.o(.text)
    LCD_Color_Fill                           0x08004bed   Thumb Code   104  lcd.o(.text)
    LCD_DrawLine                             0x08004c55   Thumb Code   176  lcd.o(.text)
    LCD_DrawRectangle                        0x08004d05   Thumb Code    60  lcd.o(.text)
    LCD_Draw_Circle                          0x08004d41   Thumb Code   152  lcd.o(.text)
    LCD_ShowChar                             0x08004dd9   Thumb Code   272  lcd.o(.text)
    LCD_Pow                                  0x08004ee9   Thumb Code    22  lcd.o(.text)
    LCD_ShowNum                              0x08004eff   Thumb Code   148  lcd.o(.text)
    LCD_ShowxNum                             0x08004f93   Thumb Code   220  lcd.o(.text)
    LCD_ShowfloatNum                         0x0800506f   Thumb Code   202  lcd.o(.text)
    LCD_ShowString                           0x08005139   Thumb Code   102  lcd.o(.text)
    LCD_ShowCh                               0x0800519f   Thumb Code   216  lcd.o(.text)
    LCD_ShowChinese                          0x08005277   Thumb Code    90  lcd.o(.text)
    Key_GPIO_Init                            0x080052e9   Thumb Code   126  key_gpio_init.o(.text)
    Read_Key                                 0x08005367   Thumb Code   784  key_gpio_init.o(.text)
    ESP8266_Init                             0x0800567d   Thumb Code   104  esp8266.o(.text)
    HTTP_PostPkt                             0x08005789   Thumb Code   166  http_demo.o(.text)
    HTTP_GetPkt                              0x0800582f   Thumb Code    60  http_demo.o(.text)
    USART2_Config                            0x08005915   Thumb Code   156  usart2.o(.text)
    USART2_Clear                             0x080059b1   Thumb Code    20  usart2.o(.text)
    USART2_Write                             0x080059c5   Thumb Code    58  usart2.o(.text)
    SendCmd                                  0x080059ff   Thumb Code    66  usart2.o(.text)
    USART2_GetRcvNum                         0x08005a41   Thumb Code     6  usart2.o(.text)
    USART2_GetRcvData                        0x08005a47   Thumb Code    24  usart2.o(.text)
    USART2_IRQHandler                        0x08005a5f   Thumb Code    80  usart2.o(.text)
    delay_init                               0x08005ac5   Thumb Code    50  delay.o(.text)
    delay_us                                 0x08005af7   Thumb Code    72  delay.o(.text)
    delay_ms                                 0x08005b3f   Thumb Code    72  delay.o(.text)
    _sys_exit                                0x08005b99   Thumb Code     6  usart.o(.text)
    fputc                                    0x08005b9f   Thumb Code    32  usart.o(.text)
    uart1_init                               0x08005bbf   Thumb Code   152  usart.o(.text)
    USART1_IRQHandler                        0x08005c57   Thumb Code   128  usart.o(.text)
    Reset_Handler                            0x08005ce9   Thumb Code     8  startup_stm32f10x_hd.o(.text)
    ADC1_2_IRQHandler                        0x08005d03   Thumb Code     0  startup_stm32f10x_hd.o(.text)
    ADC3_IRQHandler                          0x08005d03   Thumb Code     0  startup_stm32f10x_hd.o(.text)
    CAN1_RX1_IRQHandler                      0x08005d03   Thumb Code     0  startup_stm32f10x_hd.o(.text)
    CAN1_SCE_IRQHandler                      0x08005d03   Thumb Code     0  startup_stm32f10x_hd.o(.text)
    DMA1_Channel1_IRQHandler                 0x08005d03   Thumb Code     0  startup_stm32f10x_hd.o(.text)
    DMA1_Channel2_IRQHandler                 0x08005d03   Thumb Code     0  startup_stm32f10x_hd.o(.text)
    DMA1_Channel3_IRQHandler                 0x08005d03   Thumb Code     0  startup_stm32f10x_hd.o(.text)
    DMA1_Channel4_IRQHandler                 0x08005d03   Thumb Code     0  startup_stm32f10x_hd.o(.text)
    DMA1_Channel5_IRQHandler                 0x08005d03   Thumb Code     0  startup_stm32f10x_hd.o(.text)
    DMA1_Channel6_IRQHandler                 0x08005d03   Thumb Code     0  startup_stm32f10x_hd.o(.text)
    DMA1_Channel7_IRQHandler                 0x08005d03   Thumb Code     0  startup_stm32f10x_hd.o(.text)
    DMA2_Channel1_IRQHandler                 0x08005d03   Thumb Code     0  startup_stm32f10x_hd.o(.text)
    DMA2_Channel2_IRQHandler                 0x08005d03   Thumb Code     0  startup_stm32f10x_hd.o(.text)
    DMA2_Channel3_IRQHandler                 0x08005d03   Thumb Code     0  startup_stm32f10x_hd.o(.text)
    DMA2_Channel4_5_IRQHandler               0x08005d03   Thumb Code     0  startup_stm32f10x_hd.o(.text)
    EXTI0_IRQHandler                         0x08005d03   Thumb Code     0  startup_stm32f10x_hd.o(.text)
    EXTI15_10_IRQHandler                     0x08005d03   Thumb Code     0  startup_stm32f10x_hd.o(.text)
    EXTI1_IRQHandler                         0x08005d03   Thumb Code     0  startup_stm32f10x_hd.o(.text)
    EXTI2_IRQHandler                         0x08005d03   Thumb Code     0  startup_stm32f10x_hd.o(.text)
    EXTI3_IRQHandler                         0x08005d03   Thumb Code     0  startup_stm32f10x_hd.o(.text)
    EXTI4_IRQHandler                         0x08005d03   Thumb Code     0  startup_stm32f10x_hd.o(.text)
    EXTI9_5_IRQHandler                       0x08005d03   Thumb Code     0  startup_stm32f10x_hd.o(.text)
    FLASH_IRQHandler                         0x08005d03   Thumb Code     0  startup_stm32f10x_hd.o(.text)
    FSMC_IRQHandler                          0x08005d03   Thumb Code     0  startup_stm32f10x_hd.o(.text)
    I2C1_ER_IRQHandler                       0x08005d03   Thumb Code     0  startup_stm32f10x_hd.o(.text)
    I2C1_EV_IRQHandler                       0x08005d03   Thumb Code     0  startup_stm32f10x_hd.o(.text)
    I2C2_ER_IRQHandler                       0x08005d03   Thumb Code     0  startup_stm32f10x_hd.o(.text)
    I2C2_EV_IRQHandler                       0x08005d03   Thumb Code     0  startup_stm32f10x_hd.o(.text)
    PVD_IRQHandler                           0x08005d03   Thumb Code     0  startup_stm32f10x_hd.o(.text)
    RCC_IRQHandler                           0x08005d03   Thumb Code     0  startup_stm32f10x_hd.o(.text)
    RTCAlarm_IRQHandler                      0x08005d03   Thumb Code     0  startup_stm32f10x_hd.o(.text)
    RTC_IRQHandler                           0x08005d03   Thumb Code     0  startup_stm32f10x_hd.o(.text)
    SDIO_IRQHandler                          0x08005d03   Thumb Code     0  startup_stm32f10x_hd.o(.text)
    SPI1_IRQHandler                          0x08005d03   Thumb Code     0  startup_stm32f10x_hd.o(.text)
    SPI2_IRQHandler                          0x08005d03   Thumb Code     0  startup_stm32f10x_hd.o(.text)
    SPI3_IRQHandler                          0x08005d03   Thumb Code     0  startup_stm32f10x_hd.o(.text)
    TAMPER_IRQHandler                        0x08005d03   Thumb Code     0  startup_stm32f10x_hd.o(.text)
    TIM1_BRK_IRQHandler                      0x08005d03   Thumb Code     0  startup_stm32f10x_hd.o(.text)
    TIM1_CC_IRQHandler                       0x08005d03   Thumb Code     0  startup_stm32f10x_hd.o(.text)
    TIM1_TRG_COM_IRQHandler                  0x08005d03   Thumb Code     0  startup_stm32f10x_hd.o(.text)
    TIM1_UP_IRQHandler                       0x08005d03   Thumb Code     0  startup_stm32f10x_hd.o(.text)
    TIM2_IRQHandler                          0x08005d03   Thumb Code     0  startup_stm32f10x_hd.o(.text)
    TIM3_IRQHandler                          0x08005d03   Thumb Code     0  startup_stm32f10x_hd.o(.text)
    TIM4_IRQHandler                          0x08005d03   Thumb Code     0  startup_stm32f10x_hd.o(.text)
    TIM5_IRQHandler                          0x08005d03   Thumb Code     0  startup_stm32f10x_hd.o(.text)
    TIM6_IRQHandler                          0x08005d03   Thumb Code     0  startup_stm32f10x_hd.o(.text)
    TIM7_IRQHandler                          0x08005d03   Thumb Code     0  startup_stm32f10x_hd.o(.text)
    TIM8_BRK_IRQHandler                      0x08005d03   Thumb Code     0  startup_stm32f10x_hd.o(.text)
    TIM8_CC_IRQHandler                       0x08005d03   Thumb Code     0  startup_stm32f10x_hd.o(.text)
    TIM8_TRG_COM_IRQHandler                  0x08005d03   Thumb Code     0  startup_stm32f10x_hd.o(.text)
    TIM8_UP_IRQHandler                       0x08005d03   Thumb Code     0  startup_stm32f10x_hd.o(.text)
    UART4_IRQHandler                         0x08005d03   Thumb Code     0  startup_stm32f10x_hd.o(.text)
    UART5_IRQHandler                         0x08005d03   Thumb Code     0  startup_stm32f10x_hd.o(.text)
    USART3_IRQHandler                        0x08005d03   Thumb Code     0  startup_stm32f10x_hd.o(.text)
    USBWakeUp_IRQHandler                     0x08005d03   Thumb Code     0  startup_stm32f10x_hd.o(.text)
    USB_HP_CAN1_TX_IRQHandler                0x08005d03   Thumb Code     0  startup_stm32f10x_hd.o(.text)
    USB_LP_CAN1_RX0_IRQHandler               0x08005d03   Thumb Code     0  startup_stm32f10x_hd.o(.text)
    WWDG_IRQHandler                          0x08005d03   Thumb Code     0  startup_stm32f10x_hd.o(.text)
    __user_initial_stackheap                 0x08005d05   Thumb Code     0  startup_stm32f10x_hd.o(.text)
    NVIC_PriorityGroupConfig                 0x08005d29   Thumb Code    10  misc.o(.text)
    NVIC_Init                                0x08005d33   Thumb Code   100  misc.o(.text)
    NVIC_SetVectorTable                      0x08005d97   Thumb Code    14  misc.o(.text)
    NVIC_SystemLPConfig                      0x08005da5   Thumb Code    34  misc.o(.text)
    SysTick_CLKSourceConfig                  0x08005dc7   Thumb Code    40  misc.o(.text)
    GPIO_DeInit                              0x08005e05   Thumb Code   172  stm32f10x_gpio.o(.text)
    GPIO_AFIODeInit                          0x08005eb1   Thumb Code    20  stm32f10x_gpio.o(.text)
    GPIO_Init                                0x08005ec5   Thumb Code   278  stm32f10x_gpio.o(.text)
    GPIO_StructInit                          0x08005fdb   Thumb Code    16  stm32f10x_gpio.o(.text)
    GPIO_ReadInputDataBit                    0x08005feb   Thumb Code    18  stm32f10x_gpio.o(.text)
    GPIO_ReadInputData                       0x08005ffd   Thumb Code     8  stm32f10x_gpio.o(.text)
    GPIO_ReadOutputDataBit                   0x08006005   Thumb Code    18  stm32f10x_gpio.o(.text)
    GPIO_ReadOutputData                      0x08006017   Thumb Code     8  stm32f10x_gpio.o(.text)
    GPIO_SetBits                             0x0800601f   Thumb Code     4  stm32f10x_gpio.o(.text)
    GPIO_ResetBits                           0x08006023   Thumb Code     4  stm32f10x_gpio.o(.text)
    GPIO_WriteBit                            0x08006027   Thumb Code    10  stm32f10x_gpio.o(.text)
    GPIO_Write                               0x08006031   Thumb Code     4  stm32f10x_gpio.o(.text)
    GPIO_PinLockConfig                       0x08006035   Thumb Code    18  stm32f10x_gpio.o(.text)
    GPIO_EventOutputConfig                   0x08006047   Thumb Code    26  stm32f10x_gpio.o(.text)
    GPIO_EventOutputCmd                      0x08006061   Thumb Code     6  stm32f10x_gpio.o(.text)
    GPIO_PinRemapConfig                      0x08006067   Thumb Code   138  stm32f10x_gpio.o(.text)
    GPIO_EXTILineConfig                      0x080060f1   Thumb Code    66  stm32f10x_gpio.o(.text)
    GPIO_ETH_MediaInterfaceConfig            0x08006133   Thumb Code     8  stm32f10x_gpio.o(.text)
    RCC_DeInit                               0x08006161   Thumb Code    64  stm32f10x_rcc.o(.text)
    RCC_HSEConfig                            0x080061a1   Thumb Code    70  stm32f10x_rcc.o(.text)
    RCC_GetFlagStatus                        0x080061e7   Thumb Code    56  stm32f10x_rcc.o(.text)
    RCC_WaitForHSEStartUp                    0x0800621f   Thumb Code    56  stm32f10x_rcc.o(.text)
    RCC_AdjustHSICalibrationValue            0x08006257   Thumb Code    20  stm32f10x_rcc.o(.text)
    RCC_HSICmd                               0x0800626b   Thumb Code     6  stm32f10x_rcc.o(.text)
    RCC_PLLConfig                            0x08006271   Thumb Code    24  stm32f10x_rcc.o(.text)
    RCC_PLLCmd                               0x08006289   Thumb Code     6  stm32f10x_rcc.o(.text)
    RCC_SYSCLKConfig                         0x0800628f   Thumb Code    18  stm32f10x_rcc.o(.text)
    RCC_GetSYSCLKSource                      0x080062a1   Thumb Code    10  stm32f10x_rcc.o(.text)
    RCC_HCLKConfig                           0x080062ab   Thumb Code    18  stm32f10x_rcc.o(.text)
    RCC_PCLK1Config                          0x080062bd   Thumb Code    18  stm32f10x_rcc.o(.text)
    RCC_PCLK2Config                          0x080062cf   Thumb Code    20  stm32f10x_rcc.o(.text)
    RCC_ITConfig                             0x080062e3   Thumb Code    26  stm32f10x_rcc.o(.text)
    RCC_USBCLKConfig                         0x080062fd   Thumb Code     8  stm32f10x_rcc.o(.text)
    RCC_ADCCLKConfig                         0x08006305   Thumb Code    18  stm32f10x_rcc.o(.text)
    RCC_LSEConfig                            0x08006317   Thumb Code    50  stm32f10x_rcc.o(.text)
    RCC_LSICmd                               0x08006349   Thumb Code     6  stm32f10x_rcc.o(.text)
    RCC_RTCCLKConfig                         0x0800634f   Thumb Code    12  stm32f10x_rcc.o(.text)
    RCC_RTCCLKCmd                            0x0800635b   Thumb Code     8  stm32f10x_rcc.o(.text)
    RCC_GetClocksFreq                        0x08006363   Thumb Code   192  stm32f10x_rcc.o(.text)
    RCC_AHBPeriphClockCmd                    0x08006423   Thumb Code    26  stm32f10x_rcc.o(.text)
    RCC_APB2PeriphClockCmd                   0x0800643d   Thumb Code    26  stm32f10x_rcc.o(.text)
    RCC_APB1PeriphClockCmd                   0x08006457   Thumb Code    26  stm32f10x_rcc.o(.text)
    RCC_APB2PeriphResetCmd                   0x08006471   Thumb Code    26  stm32f10x_rcc.o(.text)
    RCC_APB1PeriphResetCmd                   0x0800648b   Thumb Code    26  stm32f10x_rcc.o(.text)
    RCC_BackupResetCmd                       0x080064a5   Thumb Code     8  stm32f10x_rcc.o(.text)
    RCC_ClockSecuritySystemCmd               0x080064ad   Thumb Code     6  stm32f10x_rcc.o(.text)
    RCC_MCOConfig                            0x080064b3   Thumb Code     6  stm32f10x_rcc.o(.text)
    RCC_ClearFlag                            0x080064b9   Thumb Code    14  stm32f10x_rcc.o(.text)
    RCC_GetITStatus                          0x080064c7   Thumb Code    20  stm32f10x_rcc.o(.text)
    RCC_ClearITPendingBit                    0x080064db   Thumb Code     6  stm32f10x_rcc.o(.text)
    USART_DeInit                             0x08006505   Thumb Code   134  stm32f10x_usart.o(.text)
    USART_Init                               0x0800658b   Thumb Code   210  stm32f10x_usart.o(.text)
    USART_StructInit                         0x0800665d   Thumb Code    24  stm32f10x_usart.o(.text)
    USART_ClockInit                          0x08006675   Thumb Code    34  stm32f10x_usart.o(.text)
    USART_ClockStructInit                    0x08006697   Thumb Code    12  stm32f10x_usart.o(.text)
    USART_Cmd                                0x080066a3   Thumb Code    24  stm32f10x_usart.o(.text)
    USART_ITConfig                           0x080066bb   Thumb Code    74  stm32f10x_usart.o(.text)
    USART_DMACmd                             0x08006705   Thumb Code    18  stm32f10x_usart.o(.text)
    USART_SetAddress                         0x08006717   Thumb Code    18  stm32f10x_usart.o(.text)
    USART_WakeUpConfig                       0x08006729   Thumb Code    18  stm32f10x_usart.o(.text)
    USART_ReceiverWakeUpCmd                  0x0800673b   Thumb Code    24  stm32f10x_usart.o(.text)
    USART_LINBreakDetectLengthConfig         0x08006753   Thumb Code    18  stm32f10x_usart.o(.text)
    USART_LINCmd                             0x08006765   Thumb Code    24  stm32f10x_usart.o(.text)
    USART_SendData                           0x0800677d   Thumb Code     8  stm32f10x_usart.o(.text)
    USART_ReceiveData                        0x08006785   Thumb Code    10  stm32f10x_usart.o(.text)
    USART_SendBreak                          0x0800678f   Thumb Code    10  stm32f10x_usart.o(.text)
    USART_SetGuardTime                       0x08006799   Thumb Code    16  stm32f10x_usart.o(.text)
    USART_SetPrescaler                       0x080067a9   Thumb Code    16  stm32f10x_usart.o(.text)
    USART_SmartCardCmd                       0x080067b9   Thumb Code    24  stm32f10x_usart.o(.text)
    USART_SmartCardNACKCmd                   0x080067d1   Thumb Code    24  stm32f10x_usart.o(.text)
    USART_HalfDuplexCmd                      0x080067e9   Thumb Code    24  stm32f10x_usart.o(.text)
    USART_OverSampling8Cmd                   0x08006801   Thumb Code    22  stm32f10x_usart.o(.text)
    USART_OneBitMethodCmd                    0x08006817   Thumb Code    24  stm32f10x_usart.o(.text)
    USART_IrDAConfig                         0x0800682f   Thumb Code    18  stm32f10x_usart.o(.text)
    USART_IrDACmd                            0x08006841   Thumb Code    24  stm32f10x_usart.o(.text)
    USART_GetFlagStatus                      0x08006859   Thumb Code    26  stm32f10x_usart.o(.text)
    USART_ClearFlag                          0x08006873   Thumb Code    18  stm32f10x_usart.o(.text)
    USART_GetITStatus                        0x08006885   Thumb Code    84  stm32f10x_usart.o(.text)
    USART_ClearITPendingBit                  0x080068d9   Thumb Code    52  stm32f10x_usart.o(.text)
    FSMC_NORSRAMDeInit                       0x0800690d   Thumb Code    54  stm32f10x_fsmc.o(.text)
    FSMC_NANDDeInit                          0x08006943   Thumb Code    62  stm32f10x_fsmc.o(.text)
    FSMC_PCCARDDeInit                        0x08006981   Thumb Code    36  stm32f10x_fsmc.o(.text)
    FSMC_NORSRAMInit                         0x080069a5   Thumb Code   230  stm32f10x_fsmc.o(.text)
    FSMC_NANDInit                            0x08006a8b   Thumb Code   132  stm32f10x_fsmc.o(.text)
    FSMC_PCCARDInit                          0x08006b0f   Thumb Code   130  stm32f10x_fsmc.o(.text)
    FSMC_NORSRAMStructInit                   0x08006b91   Thumb Code   114  stm32f10x_fsmc.o(.text)
    FSMC_NANDStructInit                      0x08006c03   Thumb Code    54  stm32f10x_fsmc.o(.text)
    FSMC_PCCARDStructInit                    0x08006c39   Thumb Code    60  stm32f10x_fsmc.o(.text)
    FSMC_NORSRAMCmd                          0x08006c75   Thumb Code    46  stm32f10x_fsmc.o(.text)
    FSMC_NANDCmd                             0x08006ca3   Thumb Code    86  stm32f10x_fsmc.o(.text)
    FSMC_PCCARDCmd                           0x08006cf9   Thumb Code    44  stm32f10x_fsmc.o(.text)
    FSMC_NANDECCCmd                          0x08006d25   Thumb Code    90  stm32f10x_fsmc.o(.text)
    FSMC_GetECC                              0x08006d7f   Thumb Code    24  stm32f10x_fsmc.o(.text)
    FSMC_ITConfig                            0x08006d97   Thumb Code   128  stm32f10x_fsmc.o(.text)
    FSMC_GetFlagStatus                       0x08006e17   Thumb Code    54  stm32f10x_fsmc.o(.text)
    FSMC_ClearFlag                           0x08006e4d   Thumb Code    62  stm32f10x_fsmc.o(.text)
    FSMC_GetITStatus                         0x08006e8b   Thumb Code    64  stm32f10x_fsmc.o(.text)
    FSMC_ClearITPendingBit                   0x08006ecb   Thumb Code    68  stm32f10x_fsmc.o(.text)
    __use_no_semihosting                     0x08006f19   Thumb Code     2  use_no_semi_2.o(.text)
    __2printf                                0x08006f1d   Thumb Code    20  noretval__2printf.o(.text)
    __2sprintf                               0x08006f35   Thumb Code    34  noretval__2sprintf.o(.text)
    __printf                                 0x08006f5d   Thumb Code   104  __printf.o(.text)
    _printf_str                              0x08006fc5   Thumb Code    82  _printf_str.o(.text)
    _printf_int_dec                          0x08007019   Thumb Code   104  _printf_dec.o(.text)
    strstr                                   0x08007091   Thumb Code    36  strstr.o(.text)
    strlen                                   0x080070b5   Thumb Code    62  strlen.o(.text)
    strcat                                   0x080070f3   Thumb Code    24  strcat.o(.text)
    __aeabi_memcpy                           0x0800710b   Thumb Code     0  rt_memcpy_v6.o(.text)
    __rt_memcpy                              0x0800710b   Thumb Code   138  rt_memcpy_v6.o(.text)
    _memcpy_lastbytes                        0x08007171   Thumb Code     0  rt_memcpy_v6.o(.text)
    __aeabi_memclr                           0x08007195   Thumb Code     0  rt_memclr.o(.text)
    __rt_memclr                              0x08007195   Thumb Code    68  rt_memclr.o(.text)
    _memset                                  0x08007199   Thumb Code     0  rt_memclr.o(.text)
    __aeabi_memclr4                          0x080071d9   Thumb Code     0  rt_memclr_w.o(.text)
    __aeabi_memclr8                          0x080071d9   Thumb Code     0  rt_memclr_w.o(.text)
    __rt_memclr_w                            0x080071d9   Thumb Code    78  rt_memclr_w.o(.text)
    _memset_w                                0x080071dd   Thumb Code     0  rt_memclr_w.o(.text)
    __use_two_region_memory                  0x08007227   Thumb Code     2  heapauxi.o(.text)
    __rt_heap_escrow$2region                 0x08007229   Thumb Code     2  heapauxi.o(.text)
    __rt_heap_expand$2region                 0x0800722b   Thumb Code     2  heapauxi.o(.text)
    __I$use$semihosting                      0x0800722d   Thumb Code     0  use_no_semi.o(.text)
    __use_no_semihosting_swi                 0x0800722d   Thumb Code     2  use_no_semi.o(.text)
    _printf_int_common                       0x0800722f   Thumb Code   178  _printf_intcommon.o(.text)
    _printf_char_common                      0x080072eb   Thumb Code    32  _printf_char_common.o(.text)
    _sputc                                   0x08007311   Thumb Code    10  _sputc.o(.text)
    _printf_cs_common                        0x0800731b   Thumb Code    20  _printf_char.o(.text)
    _printf_char                             0x0800732f   Thumb Code    16  _printf_char.o(.text)
    _printf_string                           0x0800733f   Thumb Code     8  _printf_char.o(.text)
    _printf_char_file                        0x08007349   Thumb Code    32  _printf_char_file.o(.text)
    __aeabi_memcpy4                          0x0800736d   Thumb Code     0  rt_memcpy_w.o(.text)
    __aeabi_memcpy8                          0x0800736d   Thumb Code     0  rt_memcpy_w.o(.text)
    __rt_memcpy_w                            0x0800736d   Thumb Code   100  rt_memcpy_w.o(.text)
    _memcpy_lastbytes_aligned                0x080073b5   Thumb Code     0  rt_memcpy_w.o(.text)
    ferror                                   0x080073d1   Thumb Code     8  ferror.o(.text)
    __user_setup_stackheap                   0x080073d9   Thumb Code    74  sys_stackheap_outer.o(.text)
    exit                                     0x08007423   Thumb Code    18  exit.o(.text)
    __user_libspace                          0x08007435   Thumb Code     8  libspace.o(.text)
    __user_perproc_libspace                  0x08007435   Thumb Code     0  libspace.o(.text)
    __user_perthread_libspace                0x08007435   Thumb Code     0  libspace.o(.text)
    __aeabi_d2uiz                            0x0800743d   Thumb Code     0  dfixu.o(x$fpl$dfixu)
    _dfixu                                   0x0800743d   Thumb Code    90  dfixu.o(x$fpl$dfixu)
    __aeabi_ui2d                             0x08007497   Thumb Code     0  dflt_clz.o(x$fpl$dfltu)
    _dfltu                                   0x08007497   Thumb Code    38  dflt_clz.o(x$fpl$dfltu)
    __aeabi_dmul                             0x080074bd   Thumb Code     0  dmul.o(x$fpl$dmul)
    _dmul                                    0x080074bd   Thumb Code   332  dmul.o(x$fpl$dmul)
    __fpl_dnaninf                            0x08007611   Thumb Code   156  dnaninf.o(x$fpl$dnaninf)
    __fpl_dretinf                            0x080076ad   Thumb Code    12  dretinf.o(x$fpl$dretinf)
    __aeabi_fadd                             0x080076b9   Thumb Code     0  faddsub_clz.o(x$fpl$fadd)
    _fadd                                    0x080076b9   Thumb Code   196  faddsub_clz.o(x$fpl$fadd)
    __aeabi_f2uiz                            0x0800777d   Thumb Code     0  ffixu.o(x$fpl$ffixu)
    _ffixu                                   0x0800777d   Thumb Code    62  ffixu.o(x$fpl$ffixu)
    __aeabi_ui2f                             0x080077bd   Thumb Code     0  fflt_clz.o(x$fpl$ffltu)
    _ffltu                                   0x080077bd   Thumb Code    38  fflt_clz.o(x$fpl$ffltu)
    __aeabi_fmul                             0x080077e5   Thumb Code     0  fmul.o(x$fpl$fmul)
    _fmul                                    0x080077e5   Thumb Code   258  fmul.o(x$fpl$fmul)
    __fpl_fnaninf                            0x080078e7   Thumb Code   140  fnaninf.o(x$fpl$fnaninf)
    __fpl_fretinf                            0x08007973   Thumb Code    10  fretinf.o(x$fpl$fretinf)
    __aeabi_frsub                            0x0800797d   Thumb Code     0  faddsub_clz.o(x$fpl$frsb)
    _frsb                                    0x0800797d   Thumb Code    20  faddsub_clz.o(x$fpl$frsb)
    __aeabi_fsub                             0x08007991   Thumb Code     0  faddsub_clz.o(x$fpl$fsub)
    _fsub                                    0x08007991   Thumb Code   234  faddsub_clz.o(x$fpl$fsub)
    __I$use$fp                               0x08007a7a   Number         0  usenofp.o(x$fpl$usenofp)
    asc2_1206                                0x08007a7a   Data        1140  lcd.o(.constdata)
    asc2_1608                                0x08007eee   Data        1520  lcd.o(.constdata)
    asc2_2412                                0x080084de   Data        3420  lcd.o(.constdata)
    chinese_1608                             0x0800923a   Data        1600  lcd.o(.constdata)
    chinese_3216                             0x0800987a   Data       12800  lcd.o(.constdata)
    Region$$Table$$Base                      0x0800ca7c   Number         0  anon$$obj.o(Region$$Table)
    Region$$Table$$Limit                     0x0800ca9c   Number         0  anon$$obj.o(Region$$Table)
    SystemCoreClock                          0x20000000   Data           4  system_stm32f10x.o(.data)
    AHBPrescTable                            0x20000004   Data          16  system_stm32f10x.o(.data)
    POINT_COLOR                              0x20000014   Data           2  lcd.o(.data)
    BACK_COLOR                               0x20000016   Data           2  lcd.o(.data)
    gprs_ready_flag                          0x20000018   Data           1  usart2.o(.data)
    gprs_ready_count                         0x20000019   Data           1  usart2.o(.data)
    usart2_rcv_len                           0x2000001c   Data           4  usart2.o(.data)
    Flag                                     0x20000020   Data           4  usart2.o(.data)
    __stdout                                 0x20000028   Data           4  usart.o(.data)
    USART1_RX_STA                            0x2000002c   Data           2  usart.o(.data)
    USART2_RX_STA                            0x2000002e   Data           2  usart.o(.data)
    lcddev                                   0x20000044   Data          14  lcd.o(.bss)
    usart2_rcv_buf                           0x20000052   Data        1024  usart2.o(.bss)
    USART1_RX_BUF                            0x20000452   Data        5000  usart.o(.bss)
    USART2_RX_BUF                            0x200017da   Data        5000  usart.o(.bss)
    __libspace_start                         0x20002b64   Data          96  libspace.o(.bss)
    __temporary_stack_top$libspace           0x20002bc4   Data           0  libspace.o(.bss)



==============================================================================

Memory Map of the image

  Image Entry point : 0x08000131

  Load Region LR_IROM1 (Base: 0x08000000, Size: 0x0000cae0, Max: 0x00080000, ABSOLUTE)

    Execution Region ER_IROM1 (Base: 0x08000000, Size: 0x0000ca9c, Max: 0x00080000, ABSOLUTE)

    Base Addr    Size         Type   Attr      Idx    E Section Name        Object

    0x08000000   0x00000130   Data   RO          360    RESET               startup_stm32f10x_hd.o
    0x08000130   0x00000008   Code   RO          482  * !!!main             c_w.l(__main.o)
    0x08000138   0x00000034   Code   RO          695    !!!scatter          c_w.l(__scatter.o)
    0x0800016c   0x0000001a   Code   RO          697    !!handler_copy      c_w.l(__scatter_copy.o)
    0x08000186   0x00000002   PAD
    0x08000188   0x0000001c   Code   RO          699    !!handler_zi        c_w.l(__scatter_zi.o)
    0x080001a4   0x00000000   Code   RO          467    .ARM.Collect$$_printf_percent$$00000000  c_w.l(_printf_percent.o)
    0x080001a4   0x00000006   Code   RO          466    .ARM.Collect$$_printf_percent$$00000009  c_w.l(_printf_d.o)
    0x080001aa   0x00000006   Code   RO          465    .ARM.Collect$$_printf_percent$$00000014  c_w.l(_printf_s.o)
    0x080001b0   0x00000004   Code   RO          527    .ARM.Collect$$_printf_percent$$00000017  c_w.l(_printf_percent_end.o)
    0x080001b4   0x00000002   Code   RO          569    .ARM.Collect$$libinit$$00000000  c_w.l(libinit.o)
    0x080001b6   0x00000000   Code   RO          576    .ARM.Collect$$libinit$$00000002  c_w.l(libinit2.o)
    0x080001b6   0x00000000   Code   RO          578    .ARM.Collect$$libinit$$00000004  c_w.l(libinit2.o)
    0x080001b6   0x00000000   Code   RO          581    .ARM.Collect$$libinit$$0000000A  c_w.l(libinit2.o)
    0x080001b6   0x00000000   Code   RO          583    .ARM.Collect$$libinit$$0000000C  c_w.l(libinit2.o)
    0x080001b6   0x00000000   Code   RO          585    .ARM.Collect$$libinit$$0000000E  c_w.l(libinit2.o)
    0x080001b6   0x00000000   Code   RO          588    .ARM.Collect$$libinit$$00000011  c_w.l(libinit2.o)
    0x080001b6   0x00000000   Code   RO          590    .ARM.Collect$$libinit$$00000013  c_w.l(libinit2.o)
    0x080001b6   0x00000000   Code   RO          592    .ARM.Collect$$libinit$$00000015  c_w.l(libinit2.o)
    0x080001b6   0x00000000   Code   RO          594    .ARM.Collect$$libinit$$00000017  c_w.l(libinit2.o)
    0x080001b6   0x00000000   Code   RO          596    .ARM.Collect$$libinit$$00000019  c_w.l(libinit2.o)
    0x080001b6   0x00000000   Code   RO          598    .ARM.Collect$$libinit$$0000001B  c_w.l(libinit2.o)
    0x080001b6   0x00000000   Code   RO          600    .ARM.Collect$$libinit$$0000001D  c_w.l(libinit2.o)
    0x080001b6   0x00000000   Code   RO          602    .ARM.Collect$$libinit$$0000001F  c_w.l(libinit2.o)
    0x080001b6   0x00000000   Code   RO          604    .ARM.Collect$$libinit$$00000021  c_w.l(libinit2.o)
    0x080001b6   0x00000000   Code   RO          606    .ARM.Collect$$libinit$$00000023  c_w.l(libinit2.o)
    0x080001b6   0x00000000   Code   RO          608    .ARM.Collect$$libinit$$00000025  c_w.l(libinit2.o)
    0x080001b6   0x00000000   Code   RO          612    .ARM.Collect$$libinit$$0000002C  c_w.l(libinit2.o)
    0x080001b6   0x00000000   Code   RO          614    .ARM.Collect$$libinit$$0000002E  c_w.l(libinit2.o)
    0x080001b6   0x00000000   Code   RO          616    .ARM.Collect$$libinit$$00000030  c_w.l(libinit2.o)
    0x080001b6   0x00000000   Code   RO          618    .ARM.Collect$$libinit$$00000032  c_w.l(libinit2.o)
    0x080001b6   0x00000002   Code   RO          619    .ARM.Collect$$libinit$$00000033  c_w.l(libinit2.o)
    0x080001b8   0x00000002   Code   RO          637    .ARM.Collect$$libshutdown$$00000000  c_w.l(libshutdown.o)
    0x080001ba   0x00000000   Code   RO          647    .ARM.Collect$$libshutdown$$00000002  c_w.l(libshutdown2.o)
    0x080001ba   0x00000000   Code   RO          649    .ARM.Collect$$libshutdown$$00000004  c_w.l(libshutdown2.o)
    0x080001ba   0x00000000   Code   RO          652    .ARM.Collect$$libshutdown$$00000007  c_w.l(libshutdown2.o)
    0x080001ba   0x00000000   Code   RO          655    .ARM.Collect$$libshutdown$$0000000A  c_w.l(libshutdown2.o)
    0x080001ba   0x00000000   Code   RO          657    .ARM.Collect$$libshutdown$$0000000C  c_w.l(libshutdown2.o)
    0x080001ba   0x00000000   Code   RO          660    .ARM.Collect$$libshutdown$$0000000F  c_w.l(libshutdown2.o)
    0x080001ba   0x00000002   Code   RO          661    .ARM.Collect$$libshutdown$$00000010  c_w.l(libshutdown2.o)
    0x080001bc   0x00000000   Code   RO          516    .ARM.Collect$$rtentry$$00000000  c_w.l(__rtentry.o)
    0x080001bc   0x00000000   Code   RO          540    .ARM.Collect$$rtentry$$00000002  c_w.l(__rtentry2.o)
    0x080001bc   0x00000006   Code   RO          552    .ARM.Collect$$rtentry$$00000004  c_w.l(__rtentry4.o)
    0x080001c2   0x00000000   Code   RO          542    .ARM.Collect$$rtentry$$00000009  c_w.l(__rtentry2.o)
    0x080001c2   0x00000004   Code   RO          543    .ARM.Collect$$rtentry$$0000000A  c_w.l(__rtentry2.o)
    0x080001c6   0x00000000   Code   RO          545    .ARM.Collect$$rtentry$$0000000C  c_w.l(__rtentry2.o)
    0x080001c6   0x00000008   Code   RO          546    .ARM.Collect$$rtentry$$0000000D  c_w.l(__rtentry2.o)
    0x080001ce   0x00000002   Code   RO          573    .ARM.Collect$$rtexit$$00000000  c_w.l(rtexit.o)
    0x080001d0   0x00000000   Code   RO          621    .ARM.Collect$$rtexit$$00000002  c_w.l(rtexit2.o)
    0x080001d0   0x00000004   Code   RO          622    .ARM.Collect$$rtexit$$00000003  c_w.l(rtexit2.o)
    0x080001d4   0x00000006   Code   RO          623    .ARM.Collect$$rtexit$$00000004  c_w.l(rtexit2.o)
    0x080001da   0x00000002   PAD
    0x080001dc   0x000002cc   Code   RO            1    .text               main.o
    0x080004a8   0x0000001a   Code   RO          138    .text               stm32f10x_it.o
    0x080004c2   0x00000002   PAD
    0x080004c4   0x000001e0   Code   RO          153    .text               system_stm32f10x.o
    0x080006a4   0x00004c44   Code   RO          171    .text               lcd.o
    0x080052e8   0x00000394   Code   RO          231    .text               key_gpio_init.o
    0x0800567c   0x0000010c   Code   RO          244    .text               esp8266.o
    0x08005788   0x0000018c   Code   RO          256    .text               http_demo.o
    0x08005914   0x000001b0   Code   RO          275    .text               usart2.o
    0x08005ac4   0x000000d4   Code   RO          294    .text               delay.o
    0x08005b98   0x00000150   Code   RO          325    .text               usart.o
    0x08005ce8   0x00000040   Code   RO          361    .text               startup_stm32f10x_hd.o
    0x08005d28   0x000000dc   Code   RO          365    .text               misc.o
    0x08005e04   0x0000035c   Code   RO          377    .text               stm32f10x_gpio.o
    0x08006160   0x000003a4   Code   RO          389    .text               stm32f10x_rcc.o
    0x08006504   0x00000408   Code   RO          403    .text               stm32f10x_usart.o
    0x0800690c   0x0000060c   Code   RO          415    .text               stm32f10x_fsmc.o
    0x08006f18   0x00000002   Code   RO          429    .text               c_w.l(use_no_semi_2.o)
    0x08006f1a   0x00000002   PAD
    0x08006f1c   0x00000018   Code   RO          435    .text               c_w.l(noretval__2printf.o)
    0x08006f34   0x00000028   Code   RO          437    .text               c_w.l(noretval__2sprintf.o)
    0x08006f5c   0x00000068   Code   RO          439    .text               c_w.l(__printf.o)
    0x08006fc4   0x00000052   Code   RO          441    .text               c_w.l(_printf_str.o)
    0x08007016   0x00000002   PAD
    0x08007018   0x00000078   Code   RO          443    .text               c_w.l(_printf_dec.o)
    0x08007090   0x00000024   Code   RO          468    .text               c_w.l(strstr.o)
    0x080070b4   0x0000003e   Code   RO          470    .text               c_w.l(strlen.o)
    0x080070f2   0x00000018   Code   RO          472    .text               c_w.l(strcat.o)
    0x0800710a   0x0000008a   Code   RO          474    .text               c_w.l(rt_memcpy_v6.o)
    0x08007194   0x00000044   Code   RO          476    .text               c_w.l(rt_memclr.o)
    0x080071d8   0x0000004e   Code   RO          478    .text               c_w.l(rt_memclr_w.o)
    0x08007226   0x00000006   Code   RO          480    .text               c_w.l(heapauxi.o)
    0x0800722c   0x00000002   Code   RO          514    .text               c_w.l(use_no_semi.o)
    0x0800722e   0x000000b2   Code   RO          517    .text               c_w.l(_printf_intcommon.o)
    0x080072e0   0x00000030   Code   RO          519    .text               c_w.l(_printf_char_common.o)
    0x08007310   0x0000000a   Code   RO          521    .text               c_w.l(_sputc.o)
    0x0800731a   0x0000002c   Code   RO          523    .text               c_w.l(_printf_char.o)
    0x08007346   0x00000002   PAD
    0x08007348   0x00000024   Code   RO          525    .text               c_w.l(_printf_char_file.o)
    0x0800736c   0x00000064   Code   RO          528    .text               c_w.l(rt_memcpy_w.o)
    0x080073d0   0x00000008   Code   RO          556    .text               c_w.l(ferror.o)
    0x080073d8   0x0000004a   Code   RO          560    .text               c_w.l(sys_stackheap_outer.o)
    0x08007422   0x00000012   Code   RO          562    .text               c_w.l(exit.o)
    0x08007434   0x00000008   Code   RO          570    .text               c_w.l(libspace.o)
    0x0800743c   0x0000005a   Code   RO          484    x$fpl$dfixu         fz_ws.l(dfixu.o)
    0x08007496   0x00000026   Code   RO          488    x$fpl$dfltu         fz_ws.l(dflt_clz.o)
    0x080074bc   0x00000154   Code   RO          494    x$fpl$dmul          fz_ws.l(dmul.o)
    0x08007610   0x0000009c   Code   RO          530    x$fpl$dnaninf       fz_ws.l(dnaninf.o)
    0x080076ac   0x0000000c   Code   RO          532    x$fpl$dretinf       fz_ws.l(dretinf.o)
    0x080076b8   0x000000c4   Code   RO          496    x$fpl$fadd          fz_ws.l(faddsub_clz.o)
    0x0800777c   0x0000003e   Code   RO          502    x$fpl$ffixu         fz_ws.l(ffixu.o)
    0x080077ba   0x00000002   PAD
    0x080077bc   0x00000026   Code   RO          506    x$fpl$ffltu         fz_ws.l(fflt_clz.o)
    0x080077e2   0x00000002   PAD
    0x080077e4   0x00000102   Code   RO          512    x$fpl$fmul          fz_ws.l(fmul.o)
    0x080078e6   0x0000008c   Code   RO          534    x$fpl$fnaninf       fz_ws.l(fnaninf.o)
    0x08007972   0x0000000a   Code   RO          536    x$fpl$fretinf       fz_ws.l(fretinf.o)
    0x0800797c   0x00000014   Code   RO          497    x$fpl$frsb          fz_ws.l(faddsub_clz.o)
    0x08007990   0x000000ea   Code   RO          498    x$fpl$fsub          fz_ws.l(faddsub_clz.o)
    0x08007a7a   0x00000000   Code   RO          538    x$fpl$usenofp       fz_ws.l(usenofp.o)
    0x08007a7a   0x00005000   Data   RO          173    .constdata          lcd.o
    0x0800ca7a   0x00000002   PAD
    0x0800ca7c   0x00000020   Data   RO          693    Region$$Table       anon$$obj.o


    Execution Region RW_IRAM1 (Base: 0x20000000, Size: 0x000031c8, Max: 0x00010000, ABSOLUTE)

    Base Addr    Size         Type   Attr      Idx    E Section Name        Object

    0x20000000   0x00000014   Data   RW          154    .data               system_stm32f10x.o
    0x20000014   0x00000004   Data   RW          174    .data               lcd.o
    0x20000018   0x0000000c   Data   RW          277    .data               usart2.o
    0x20000024   0x00000004   Data   RW          295    .data               delay.o
    0x20000028   0x00000008   Data   RW          327    .data               usart.o
    0x20000030   0x00000014   Data   RW          390    .data               stm32f10x_rcc.o
    0x20000044   0x0000000e   Zero   RW          172    .bss                lcd.o
    0x20000052   0x00000400   Zero   RW          276    .bss                usart2.o
    0x20000452   0x00002710   Zero   RW          326    .bss                usart.o
    0x20002b62   0x00000002   PAD
    0x20002b64   0x00000060   Zero   RW          571    .bss                c_w.l(libspace.o)
    0x20002bc4   0x00000004   PAD
    0x20002bc8   0x00000200   Zero   RW          359    HEAP                startup_stm32f10x_hd.o
    0x20002dc8   0x00000400   Zero   RW          358    STACK               startup_stm32f10x_hd.o


==============================================================================

Image component sizes


      Code (inc. data)   RO Data    RW Data    ZI Data      Debug   Object Name

       212         18          0          4          0       1355   delay.o
       268        164          0          0          0        647   esp8266.o
       396        170          0          0          0       1267   http_demo.o
       916          6          0          0          0       1297   key_gpio_init.o
     19524        164      20480          4         14     230000   lcd.o
       716         44          0          0          0     240507   main.o
       220         22          0          0          0       2113   misc.o
        64         26        304          0       1536        896   startup_stm32f10x_hd.o
      1548         18          0          0          0       5451   stm32f10x_fsmc.o
       860         38          0          0          0       6045   stm32f10x_gpio.o
        26          0          0          0          0       1334   stm32f10x_it.o
       932         36          0         20          0       9376   stm32f10x_rcc.o
      1032         22          0          0          0       8768   stm32f10x_usart.o
         0          0          0          0          0         32   sys.o
       480         38          0         20          0       2207   system_stm32f10x.o
       336         18          0          8      10000       3801   usart.o
       432         22          0         12       1024       3589   usart2.o

    ----------------------------------------------------------------------
     27964        806      20818         68      12576     518685   Object Totals
         0          0         32          0          0          0   (incl. Generated)
         2          0          2          0          2          0   (incl. Padding)

    ----------------------------------------------------------------------

      Code (inc. data)   RO Data    RW Data    ZI Data      Debug   Library Member Name

         8          0          0          0          0         68   __main.o
       104          0          0          0          0         84   __printf.o
         0          0          0          0          0          0   __rtentry.o
        12          0          0          0          0          0   __rtentry2.o
         6          0          0          0          0          0   __rtentry4.o
        52          8          0          0          0          0   __scatter.o
        26          0          0          0          0          0   __scatter_copy.o
        28          0          0          0          0          0   __scatter_zi.o
        44          0          0          0          0        108   _printf_char.o
        48          6          0          0          0         96   _printf_char_common.o
        36          4          0          0          0         80   _printf_char_file.o
         6          0          0          0          0          0   _printf_d.o
       120         16          0          0          0         92   _printf_dec.o
       178          0          0          0          0         88   _printf_intcommon.o
         0          0          0          0          0          0   _printf_percent.o
         4          0          0          0          0          0   _printf_percent_end.o
         6          0          0          0          0          0   _printf_s.o
        82          0          0          0          0         80   _printf_str.o
        10          0          0          0          0         68   _sputc.o
        18          0          0          0          0         80   exit.o
         8          0          0          0          0         68   ferror.o
         6          0          0          0          0        152   heapauxi.o
         2          0          0          0          0          0   libinit.o
         2          0          0          0          0          0   libinit2.o
         2          0          0          0          0          0   libshutdown.o
         2          0          0          0          0          0   libshutdown2.o
         8          4          0          0         96         68   libspace.o
        24          4          0          0          0         84   noretval__2printf.o
        40          6          0          0          0         84   noretval__2sprintf.o
        68          0          0          0          0         68   rt_memclr.o
        78          0          0          0          0         80   rt_memclr_w.o
       138          0          0          0          0         68   rt_memcpy_v6.o
       100          0          0          0          0         80   rt_memcpy_w.o
         2          0          0          0          0          0   rtexit.o
        10          0          0          0          0          0   rtexit2.o
        24          0          0          0          0         68   strcat.o
        62          0          0          0          0         76   strlen.o
        36          0          0          0          0         80   strstr.o
        74          0          0          0          0         80   sys_stackheap_outer.o
         2          0          0          0          0         68   use_no_semi.o
         2          0          0          0          0         68   use_no_semi_2.o
        90          4          0          0          0         92   dfixu.o
        38          0          0          0          0         68   dflt_clz.o
       340         12          0          0          0        104   dmul.o
       156          4          0          0          0         92   dnaninf.o
        12          0          0          0          0         68   dretinf.o
       450          8          0          0          0        236   faddsub_clz.o
        62          4          0          0          0         84   ffixu.o
        38          0          0          0          0         68   fflt_clz.o
       258          4          0          0          0         84   fmul.o
       140          4          0          0          0         84   fnaninf.o
        10          0          0          0          0         68   fretinf.o
         0          0          0          0          0          0   usenofp.o

    ----------------------------------------------------------------------
      3086         88          0          0        100       3084   Library Totals
        14          0          0          0          4          0   (incl. Padding)

    ----------------------------------------------------------------------

      Code (inc. data)   RO Data    RW Data    ZI Data      Debug   Library Name

      1478         48          0          0         96       2036   c_w.l
      1594         40          0          0          0       1048   fz_ws.l

    ----------------------------------------------------------------------
      3086         88          0          0        100       3084   Library Totals

    ----------------------------------------------------------------------

==============================================================================


      Code (inc. data)   RO Data    RW Data    ZI Data      Debug   

     31050        894      20818         68      12676     518749   Grand Totals
     31050        894      20818         68      12676     518749   ELF Image Totals
     31050        894      20818         68          0          0   ROM Totals

==============================================================================

    Total RO  Size (Code + RO Data)                51868 (  50.65kB)
    Total RW  Size (RW Data + ZI Data)             12744 (  12.45kB)
    Total ROM Size (Code + RO Data + RW Data)      51936 (  50.72kB)

==============================================================================

